::1 - - [05/Aug/2023:12:43:38 +0530] "GET /word2/wp-content/plugins/elementor/assets/js/common.min.js?ver=3.15.1 HTTP/1.1" 304 - "http://localhost/word2/wp-admin/admin.php?page=livemesh_el_addons" "Mozilla/5.0 (Windows NT 10.0; Win64; x64) AppleWebKit/537.36 (KHTML, like Gecko) Chrome/115.0.0.0 Safari/537.36"
::1 - - [05/Aug/2023:12:43:38 +0530] "GET /word2/wp-content/plugins/elementor/assets/lib/tipsy/tipsy.min.js?ver=1.0.0 HTTP/1.1" 304 - "http://localhost/word2/wp-admin/admin.php?page=livemesh_el_addons" "Mozilla/5.0 (Windows NT 10.0; Win64; x64) AppleWebKit/537.36 (KHTML, like Gecko) Chrome/115.0.0.0 Safari/537.36"
::1 - - [05/Aug/2023:12:43:38 +0530] "GET /word2/wp-content/plugins/elementor/assets/lib/backbone/backbone.radio.min.js?ver=1.0.4 HTTP/1.1" 304 - "http://localhost/word2/wp-admin/admin.php?page=livemesh_el_addons" "Mozilla/5.0 (Windows NT 10.0; Win64; x64) AppleWebKit/537.36 (KHTML, like Gecko) Chrome/115.0.0.0 Safari/537.36"
::1 - - [05/Aug/2023:12:43:38 +0530] "GET /word2/wp-content/plugins/elementor/assets/js/admin-top-bar.min.js?ver=3.15.1 HTTP/1.1" 304 - "http://localhost/word2/wp-admin/admin.php?page=livemesh_el_addons" "Mozilla/5.0 (Windows NT 10.0; Win64; x64) AppleWebKit/537.36 (KHTML, like Gecko) Chrome/115.0.0.0 Safari/537.36"
::1 - - [05/Aug/2023:12:43:38 +0530] "GET /word2/wp-content/plugins/elementor/assets/js/import-export-admin.min.js?ver=3.15.1 HTTP/1.1" 304 - "http://localhost/word2/wp-admin/admin.php?page=livemesh_el_addons" "Mozilla/5.0 (Windows NT 10.0; Win64; x64) AppleWebKit/537.36 (KHTML, like Gecko) Chrome/115.0.0.0 Safari/537.36"
::1 - - [05/Aug/2023:12:43:38 +0530] "GET /word2/wp-content/plugins/elementor/assets/js/app-loader.min.js?ver=3.15.1 HTTP/1.1" 304 - "http://localhost/word2/wp-admin/admin.php?page=livemesh_el_addons" "Mozilla/5.0 (Windows NT 10.0; Win64; x64) AppleWebKit/537.36 (KHTML, like Gecko) Chrome/115.0.0.0 Safari/537.36"
::1 - - [05/Aug/2023:12:43:38 +0530] "GET /word2/wp-content/plugins/elementor/assets/js/admin.min.js?ver=3.15.1 HTTP/1.1" 304 - "http://localhost/word2/wp-admin/admin.php?page=livemesh_el_addons" "Mozilla/5.0 (Windows NT 10.0; Win64; x64) AppleWebKit/537.36 (KHTML, like Gecko) Chrome/115.0.0.0 Safari/537.36"
::1 - - [05/Aug/2023:12:43:38 +0530] "GET /word2/wp-content/plugins/elementor/assets/js/admin-modules.min.js?ver=3.15.1 HTTP/1.1" 304 - "http://localhost/word2/wp-admin/admin.php?page=livemesh_el_addons" "Mozilla/5.0 (Windows NT 10.0; Win64; x64) AppleWebKit/537.36 (KHTML, like Gecko) Chrome/115.0.0.0 Safari/537.36"
::1 - - [05/Aug/2023:12:43:38 +0530] "GET /word2/wp-content/plugins/astra-sites/inc/assets/js/install-theme.js?ver=3.3.0 HTTP/1.1" 304 - "http://localhost/word2/wp-admin/admin.php?page=livemesh_el_addons" "Mozilla/5.0 (Windows NT 10.0; Win64; x64) AppleWebKit/537.36 (KHTML, like Gecko) Chrome/115.0.0.0 Safari/537.36"
::1 - - [05/Aug/2023:12:43:38 +0530] "GET /word2/wp-content/plugins/addons-for-elementor/freemius/assets/js/nojquery.ba-postmessage.min.js?ver=6.2.2 HTTP/1.1" 200 1323 "http://localhost/word2/wp-admin/admin.php?page=livemesh_el_addons" "Mozilla/5.0 (Windows NT 10.0; Win64; x64) AppleWebKit/537.36 (KHTML, like Gecko) Chrome/115.0.0.0 Safari/537.36"
::1 - - [05/Aug/2023:12:43:38 +0530] "GET /word2/wp-content/plugins/addons-for-elementor/freemius/assets/js/postmessage.js?ver=6.2.2 HTTP/1.1" 200 4578 "http://localhost/word2/wp-admin/admin.php?page=livemesh_el_addons" "Mozilla/5.0 (Windows NT 10.0; Win64; x64) AppleWebKit/537.36 (KHTML, like Gecko) Chrome/115.0.0.0 Safari/537.36"
::1 - - [05/Aug/2023:12:43:38 +0530] "GET /word2/wp-content/plugins/addons-for-elementor/freemius/assets/img/addons-for-elementor.png HTTP/1.1" 200 32463 "http://localhost/word2/wp-admin/admin.php?page=livemesh_el_addons" "Mozilla/5.0 (Windows NT 10.0; Win64; x64) AppleWebKit/537.36 (KHTML, like Gecko) Chrome/115.0.0.0 Safari/537.36"
::1 - - [05/Aug/2023:12:43:38 +0530] "GET /word2/wp-admin/js/color-picker.min.js?ver=6.2.2 HTTP/1.1" 200 3486 "http://localhost/word2/wp-admin/admin.php?page=livemesh_el_addons" "Mozilla/5.0 (Windows NT 10.0; Win64; x64) AppleWebKit/537.36 (KHTML, like Gecko) Chrome/115.0.0.0 Safari/537.36"
::1 - - [05/Aug/2023:12:43:38 +0530] "GET /word2/wp-admin/js/iris.min.js?ver=1.1.1 HTTP/1.1" 200 23643 "http://localhost/word2/wp-admin/admin.php?page=livemesh_el_addons" "Mozilla/5.0 (Windows NT 10.0; Win64; x64) AppleWebKit/537.36 (KHTML, like Gecko) Chrome/115.0.0.0 Safari/537.36"
::1 - - [05/Aug/2023:12:43:41 +0530] "GET /word2/wp-admin/admin.php?fs_action=addons-for-elementor_skip_activation&page=livemesh_el_addons&_wpnonce=432b44a765 HTTP/1.1" 302 - "http://localhost/word2/wp-admin/admin.php?page=livemesh_el_addons" "Mozilla/5.0 (Windows NT 10.0; Win64; x64) AppleWebKit/537.36 (KHTML, like Gecko) Chrome/115.0.0.0 Safari/537.36"
::1 - - [05/Aug/2023:12:43:45 +0530] "GET /word2/wp-content/plugins/addons-for-elementor/freemius/assets/css/admin/common.css?ver=6.2.2 HTTP/1.1" 304 - "http://localhost/word2/wp-admin/admin.php?page=livemesh_el_addons" "Mozilla/5.0 (Windows NT 10.0; Win64; x64) AppleWebKit/537.36 (KHTML, like Gecko) Chrome/115.0.0.0 Safari/537.36"
::1 - - [05/Aug/2023:12:43:45 +0530] "GET /word2/wp-content/plugins/addons-for-elementor/admin/assets/css/lae-admin.css?ver=7.9.1 HTTP/1.1" 304 - "http://localhost/word2/wp-admin/admin.php?page=livemesh_el_addons" "Mozilla/5.0 (Windows NT 10.0; Win64; x64) AppleWebKit/537.36 (KHTML, like Gecko) Chrome/115.0.0.0 Safari/537.36"
::1 - - [05/Aug/2023:12:43:45 +0530] "GET /word2/wp-content/plugins/addons-for-elementor/admin/assets/css/lae-admin-page.css?ver=7.9.1 HTTP/1.1" 304 - "http://localhost/word2/wp-admin/admin.php?page=livemesh_el_addons" "Mozilla/5.0 (Windows NT 10.0; Win64; x64) AppleWebKit/537.36 (KHTML, like Gecko) Chrome/115.0.0.0 Safari/537.36"
::1 - - [05/Aug/2023:12:43:45 +0530] "GET /word2/wp-content/plugins/addons-for-elementor/admin/assets/images/logo-shape16.png HTTP/1.1" 304 - "http://localhost/word2/wp-admin/admin.php?page=livemesh_el_addons" "Mozilla/5.0 (Windows NT 10.0; Win64; x64) AppleWebKit/537.36 (KHTML, like Gecko) Chrome/115.0.0.0 Safari/537.36"
::1 - - [05/Aug/2023:12:43:43 +0530] "GET /word2/wp-admin/admin.php?page=livemesh_el_addons HTTP/1.1" 200 106809 "http://localhost/word2/wp-admin/admin.php?page=livemesh_el_addons" "Mozilla/5.0 (Windows NT 10.0; Win64; x64) AppleWebKit/537.36 (KHTML, like Gecko) Chrome/115.0.0.0 Safari/537.36"
::1 - - [05/Aug/2023:12:43:45 +0530] "GET /word2/wp-content/plugins/addons-for-elementor/admin/assets/js/lae-admin-ajax.min.js?ver=7.9.1 HTTP/1.1" 304 - "http://localhost/word2/wp-admin/admin.php?page=livemesh_el_addons" "Mozilla/5.0 (Windows NT 10.0; Win64; x64) AppleWebKit/537.36 (KHTML, like Gecko) Chrome/115.0.0.0 Safari/537.36"
::1 - - [05/Aug/2023:12:43:45 +0530] "GET /word2/wp-content/plugins/addons-for-elementor/admin/assets/js/lae-admin.min.js?ver=7.9.1 HTTP/1.1" 304 - "http://localhost/word2/wp-admin/admin.php?page=livemesh_el_addons" "Mozilla/5.0 (Windows NT 10.0; Win64; x64) AppleWebKit/537.36 (KHTML, like Gecko) Chrome/115.0.0.0 Safari/537.36"
::1 - - [05/Aug/2023:12:43:45 +0530] "GET /word2/wp-content/plugins/addons-for-elementor/admin/assets/images/logo-dark.png HTTP/1.1" 200 6802 "http://localhost/word2/wp-content/plugins/addons-for-elementor/admin/assets/css/lae-admin-page.css?ver=7.9.1" "Mozilla/5.0 (Windows NT 10.0; Win64; x64) AppleWebKit/537.36 (KHTML, like Gecko) Chrome/115.0.0.0 Safari/537.36"
::1 - - [05/Aug/2023:12:43:46 +0530] "POST /word2/wp-admin/admin-ajax.php HTTP/1.1" 200 77 "http://localhost/word2/wp-admin/post.php?post=1318&action=elementor" "Mozilla/5.0 (Windows NT 10.0; Win64; x64) AppleWebKit/537.36 (KHTML, like Gecko) Chrome/115.0.0.0 Safari/537.36"
::1 - - [05/Aug/2023:12:43:48 +0530] "POST /word2/wp-admin/admin-ajax.php HTTP/1.1" 200 45 "http://localhost/word2/wp-admin/admin.php?page=livemesh_el_addons" "Mozilla/5.0 (Windows NT 10.0; Win64; x64) AppleWebKit/537.36 (KHTML, like Gecko) Chrome/115.0.0.0 Safari/537.36"
::1 - - [05/Aug/2023:12:43:58 +0530] "GET /word2/wp-content/plugins/addons-for-elementor/freemius/assets/css/admin/common.css?ver=6.2.2 HTTP/1.1" 304 - "http://localhost/word2/wp-admin/admin.php?page=livemesh_el_addons" "Mozilla/5.0 (Windows NT 10.0; Win64; x64) AppleWebKit/537.36 (KHTML, like Gecko) Chrome/115.0.0.0 Safari/537.36"
::1 - - [05/Aug/2023:12:43:59 +0530] "GET /word2/wp-content/plugins/addons-for-elementor/admin/assets/css/lae-admin.css?ver=7.9.1 HTTP/1.1" 304 - "http://localhost/word2/wp-admin/admin.php?page=livemesh_el_addons" "Mozilla/5.0 (Windows NT 10.0; Win64; x64) AppleWebKit/537.36 (KHTML, like Gecko) Chrome/115.0.0.0 Safari/537.36"
::1 - - [05/Aug/2023:12:43:59 +0530] "GET /word2/wp-content/plugins/addons-for-elementor/admin/assets/css/lae-admin-page.css?ver=7.9.1 HTTP/1.1" 304 - "http://localhost/word2/wp-admin/admin.php?page=livemesh_el_addons" "Mozilla/5.0 (Windows NT 10.0; Win64; x64) AppleWebKit/537.36 (KHTML, like Gecko) Chrome/115.0.0.0 Safari/537.36"
::1 - - [05/Aug/2023:12:43:59 +0530] "GET /word2/wp-content/plugins/addons-for-elementor/admin/assets/images/logo-shape16.png HTTP/1.1" 304 - "http://localhost/word2/wp-admin/admin.php?page=livemesh_el_addons" "Mozilla/5.0 (Windows NT 10.0; Win64; x64) AppleWebKit/537.36 (KHTML, like Gecko) Chrome/115.0.0.0 Safari/537.36"
::1 - - [05/Aug/2023:12:43:56 +0530] "GET /word2/wp-admin/admin.php?page=livemesh_el_addons HTTP/1.1" 200 106809 "http://localhost/word2/wp-admin/admin.php?page=livemesh_el_addons" "Mozilla/5.0 (Windows NT 10.0; Win64; x64) AppleWebKit/537.36 (KHTML, like Gecko) Chrome/115.0.0.0 Safari/537.36"
::1 - - [05/Aug/2023:12:43:59 +0530] "GET /word2/wp-content/plugins/addons-for-elementor/admin/assets/js/lae-admin-ajax.min.js?ver=7.9.1 HTTP/1.1" 304 - "http://localhost/word2/wp-admin/admin.php?page=livemesh_el_addons" "Mozilla/5.0 (Windows NT 10.0; Win64; x64) AppleWebKit/537.36 (KHTML, like Gecko) Chrome/115.0.0.0 Safari/537.36"
::1 - - [05/Aug/2023:12:43:59 +0530] "GET /word2/wp-content/plugins/addons-for-elementor/admin/assets/js/lae-admin.min.js?ver=7.9.1 HTTP/1.1" 304 - "http://localhost/word2/wp-admin/admin.php?page=livemesh_el_addons" "Mozilla/5.0 (Windows NT 10.0; Win64; x64) AppleWebKit/537.36 (KHTML, like Gecko) Chrome/115.0.0.0 Safari/537.36"
::1 - - [05/Aug/2023:12:44:01 +0530] "POST /word2/wp-admin/admin-ajax.php HTTP/1.1" 200 77 "http://localhost/word2/wp-admin/post.php?post=1318&action=elementor" "Mozilla/5.0 (Windows NT 10.0; Win64; x64) AppleWebKit/537.36 (KHTML, like Gecko) Chrome/115.0.0.0 Safari/537.36"
::1 - - [05/Aug/2023:12:44:17 +0530] "POST /word2/wp-admin/admin-ajax.php HTTP/1.1" 200 77 "http://localhost/word2/wp-admin/post.php?post=1318&action=elementor" "Mozilla/5.0 (Windows NT 10.0; Win64; x64) AppleWebKit/537.36 (KHTML, like Gecko) Chrome/115.0.0.0 Safari/537.36"
127.0.0.1 - - [05/Aug/2023:12:44:19 +0530] "POST /word2/wp-cron.php?doing_wp_cron=1691219659.4563579559326171875000 HTTP/1.1" 200 - "-" "WordPress/6.2.2; http://localhost/word2"
::1 - - [05/Aug/2023:12:44:19 +0530] "POST /word2/wp-admin/admin-ajax.php HTTP/1.1" 200 47 "http://localhost/word2/wp-admin/themes.php?page=starter-templates&ci=2" "Mozilla/5.0 (Windows NT 10.0; Win64; x64) AppleWebKit/537.36 (KHTML, like Gecko) Chrome/115.0.0.0 Safari/537.36"
::1 - - [05/Aug/2023:12:45:01 +0530] "POST /word2/wp-admin/admin-ajax.php HTTP/1.1" 200 47 "http://localhost/word2/wp-admin/admin.php?page=livemesh_el_addons" "Mozilla/5.0 (Windows NT 10.0; Win64; x64) AppleWebKit/537.36 (KHTML, like Gecko) Chrome/115.0.0.0 Safari/537.36"
::1 - - [05/Aug/2023:12:46:18 +0530] "POST /word2/wp-admin/admin-ajax.php HTTP/1.1" 200 77 "http://localhost/word2/wp-admin/post.php?post=1318&action=elementor" "Mozilla/5.0 (Windows NT 10.0; Win64; x64) AppleWebKit/537.36 (KHTML, like Gecko) Chrome/115.0.0.0 Safari/537.36"
127.0.0.1 - - [05/Aug/2023:12:46:20 +0530] "POST /word2/wp-cron.php?doing_wp_cron=1691219780.1229279041290283203125 HTTP/1.1" 200 - "-" "WordPress/6.2.2; http://localhost/word2"
::1 - - [05/Aug/2023:12:46:20 +0530] "POST /word2/wp-admin/admin-ajax.php HTTP/1.1" 200 47 "http://localhost/word2/wp-admin/themes.php?page=starter-templates&ci=2" "Mozilla/5.0 (Windows NT 10.0; Win64; x64) AppleWebKit/537.36 (KHTML, like Gecko) Chrome/115.0.0.0 Safari/537.36"
::1 - - [05/Aug/2023:12:47:02 +0530] "POST /word2/wp-admin/admin-ajax.php HTTP/1.1" 200 47 "http://localhost/word2/wp-admin/admin.php?page=livemesh_el_addons" "Mozilla/5.0 (Windows NT 10.0; Win64; x64) AppleWebKit/537.36 (KHTML, like Gecko) Chrome/115.0.0.0 Safari/537.36"
::1 - - [05/Aug/2023:12:47:25 +0530] "POST /word2/wp-admin/admin-ajax.php HTTP/1.1" 200 77 "http://localhost/word2/wp-admin/post.php?post=1318&action=elementor" "Mozilla/5.0 (Windows NT 10.0; Win64; x64) AppleWebKit/537.36 (KHTML, like Gecko) Chrome/115.0.0.0 Safari/537.36"
127.0.0.1 - - [05/Aug/2023:12:47:27 +0530] "POST /word2/wp-cron.php?doing_wp_cron=1691219847.1576230525970458984375 HTTP/1.1" 200 - "-" "WordPress/6.2.2; http://localhost/word2"
::1 - - [05/Aug/2023:12:47:40 +0530] "POST /word2/wp-admin/admin-ajax.php HTTP/1.1" 200 77 "http://localhost/word2/wp-admin/post.php?post=1318&action=elementor" "Mozilla/5.0 (Windows NT 10.0; Win64; x64) AppleWebKit/537.36 (KHTML, like Gecko) Chrome/115.0.0.0 Safari/537.36"
::1 - - [05/Aug/2023:12:47:55 +0530] "POST /word2/wp-admin/admin-ajax.php HTTP/1.1" 200 77 "http://localhost/word2/wp-admin/post.php?post=1318&action=elementor" "Mozilla/5.0 (Windows NT 10.0; Win64; x64) AppleWebKit/537.36 (KHTML, like Gecko) Chrome/115.0.0.0 Safari/537.36"
::1 - - [05/Aug/2023:12:48:03 +0530] "POST /word2/wp-admin/admin-ajax.php HTTP/1.1" 200 47 "http://localhost/word2/wp-admin/admin.php?page=livemesh_el_addons" "Mozilla/5.0 (Windows NT 10.0; Win64; x64) AppleWebKit/537.36 (KHTML, like Gecko) Chrome/115.0.0.0 Safari/537.36"
127.0.0.1 - - [05/Aug/2023:12:48:05 +0530] "POST /word2/wp-cron.php?doing_wp_cron=1691219885.0678780078887939453125 HTTP/1.1" 200 - "-" "WordPress/6.2.2; http://localhost/word2"
::1 - - [05/Aug/2023:12:48:10 +0530] "POST /word2/wp-admin/admin-ajax.php HTTP/1.1" 200 77 "http://localhost/word2/wp-admin/post.php?post=1318&action=elementor" "Mozilla/5.0 (Windows NT 10.0; Win64; x64) AppleWebKit/537.36 (KHTML, like Gecko) Chrome/115.0.0.0 Safari/537.36"
::1 - - [05/Aug/2023:12:48:21 +0530] "POST /word2/wp-admin/admin-ajax.php HTTP/1.1" 200 47 "http://localhost/word2/wp-admin/themes.php?page=starter-templates&ci=2" "Mozilla/5.0 (Windows NT 10.0; Win64; x64) AppleWebKit/537.36 (KHTML, like Gecko) Chrome/115.0.0.0 Safari/537.36"
::1 - - [05/Aug/2023:12:48:53 +0530] "POST /word2/wp-admin/admin-ajax.php HTTP/1.1" 200 77 "http://localhost/word2/wp-admin/post.php?post=1318&action=elementor" "Mozilla/5.0 (Windows NT 10.0; Win64; x64) AppleWebKit/537.36 (KHTML, like Gecko) Chrome/115.0.0.0 Safari/537.36"
::1 - - [05/Aug/2023:12:48:55 +0530] "GET /word2/wp-includes/js/tinymce/skins/lightgray/skin.min.css?wp-mce-49110-20201110 HTTP/1.1" 200 44010 "http://localhost/word2/wp-admin/post.php?post=1318&action=elementor" "Mozilla/5.0 (Windows NT 10.0; Win64; x64) AppleWebKit/537.36 (KHTML, like Gecko) Chrome/115.0.0.0 Safari/537.36"
::1 - - [05/Aug/2023:12:48:55 +0530] "GET /word2/wp-includes/css/dashicons.min.css?ver=6.2.2&wp-mce-49110-20201110 HTTP/1.1" 200 59016 "http://localhost/word2/wp-admin/post.php?post=1318&action=elementor" "Mozilla/5.0 (Windows NT 10.0; Win64; x64) AppleWebKit/537.36 (KHTML, like Gecko) Chrome/115.0.0.0 Safari/537.36"
::1 - - [05/Aug/2023:12:48:55 +0530] "GET /word2/wp-content/themes/astra/assets/css/minified/editor-style.min.css?wp-mce-49110-20201110 HTTP/1.1" 200 22349 "http://localhost/word2/wp-admin/post.php?post=1318&action=elementor" "Mozilla/5.0 (Windows NT 10.0; Win64; x64) AppleWebKit/537.36 (KHTML, like Gecko) Chrome/115.0.0.0 Safari/537.36"
::1 - - [05/Aug/2023:12:48:55 +0530] "GET /word2/wp-includes/js/tinymce/skins/lightgray/content.min.css?wp-mce-49110-20201110 HTTP/1.1" 200 4017 "http://localhost/word2/wp-admin/post.php?post=1318&action=elementor" "Mozilla/5.0 (Windows NT 10.0; Win64; x64) AppleWebKit/537.36 (KHTML, like Gecko) Chrome/115.0.0.0 Safari/537.36"
::1 - - [05/Aug/2023:12:48:55 +0530] "GET /word2/wp-includes/js/tinymce/skins/wordpress/wp-content.css?ver=6.2.2&wp-mce-49110-20201110 HTTP/1.1" 200 8624 "http://localhost/word2/wp-admin/post.php?post=1318&action=elementor" "Mozilla/5.0 (Windows NT 10.0; Win64; x64) AppleWebKit/537.36 (KHTML, like Gecko) Chrome/115.0.0.0 Safari/537.36"
::1 - - [05/Aug/2023:12:48:56 +0530] "GET /word2/wp-includes/js/tinymce/skins/lightgray/fonts/tinymce.woff HTTP/1.1" 200 18824 "http://localhost/word2/wp-includes/js/tinymce/skins/lightgray/skin.min.css?wp-mce-49110-20201110" "Mozilla/5.0 (Windows NT 10.0; Win64; x64) AppleWebKit/537.36 (KHTML, like Gecko) Chrome/115.0.0.0 Safari/537.36"
::1 - - [05/Aug/2023:12:48:55 +0530] "POST /word2/wp-admin/admin-ajax.php HTTP/1.1" 200 200 "http://localhost/word2/wp-admin/post.php?post=1318&action=elementor" "Mozilla/5.0 (Windows NT 10.0; Win64; x64) AppleWebKit/537.36 (KHTML, like Gecko) Chrome/115.0.0.0 Safari/537.36"
::1 - - [05/Aug/2023:12:48:56 +0530] "POST /word2/wp-admin/admin-ajax.php HTTP/1.1" 200 566 "http://localhost/word2/wp-admin/post.php?post=1318&action=elementor" "Mozilla/5.0 (Windows NT 10.0; Win64; x64) AppleWebKit/537.36 (KHTML, like Gecko) Chrome/115.0.0.0 Safari/537.36"
::1 - - [05/Aug/2023:12:48:59 +0530] "POST /word2/wp-admin/admin-ajax.php HTTP/1.1" 200 255 "http://localhost/word2/wp-admin/post.php?post=1318&action=elementor" "Mozilla/5.0 (Windows NT 10.0; Win64; x64) AppleWebKit/537.36 (KHTML, like Gecko) Chrome/115.0.0.0 Safari/537.36"
::1 - - [05/Aug/2023:12:49:00 +0530] "POST /word2/wp-admin/admin-ajax.php HTTP/1.1" 200 405 "http://localhost/word2/wp-admin/post.php?post=1318&action=elementor" "Mozilla/5.0 (Windows NT 10.0; Win64; x64) AppleWebKit/537.36 (KHTML, like Gecko) Chrome/115.0.0.0 Safari/537.36"
::1 - - [05/Aug/2023:12:49:08 +0530] "POST /word2/wp-admin/admin-ajax.php HTTP/1.1" 200 77 "http://localhost/word2/wp-admin/post.php?post=1318&action=elementor" "Mozilla/5.0 (Windows NT 10.0; Win64; x64) AppleWebKit/537.36 (KHTML, like Gecko) Chrome/115.0.0.0 Safari/537.36"
127.0.0.1 - - [05/Aug/2023:12:49:09 +0530] "POST /word2/wp-cron.php?doing_wp_cron=1691219949.6648008823394775390625 HTTP/1.1" 200 - "-" "WordPress/6.2.2; http://localhost/word2"
::1 - - [05/Aug/2023:12:49:23 +0530] "GET /word2/wp-content/plugins/elementor/assets/lib/font-awesome/css/regular.min.css HTTP/1.1" 200 677 "http://localhost/word2/wp-admin/post.php?post=1318&action=elementor" "Mozilla/5.0 (Windows NT 10.0; Win64; x64) AppleWebKit/537.36 (KHTML, like Gecko) Chrome/115.0.0.0 Safari/537.36"
::1 - - [05/Aug/2023:12:49:23 +0530] "GET /word2/wp-content/plugins/elementor/assets/lib/font-awesome/css/fontawesome.min.css HTTP/1.1" 200 57912 "http://localhost/word2/wp-admin/post.php?post=1318&action=elementor" "Mozilla/5.0 (Windows NT 10.0; Win64; x64) AppleWebKit/537.36 (KHTML, like Gecko) Chrome/115.0.0.0 Safari/537.36"
::1 - - [05/Aug/2023:12:49:23 +0530] "GET /word2/wp-content/plugins/elementor/assets/lib/font-awesome/css/solid.min.css HTTP/1.1" 200 669 "http://localhost/word2/wp-admin/post.php?post=1318&action=elementor" "Mozilla/5.0 (Windows NT 10.0; Win64; x64) AppleWebKit/537.36 (KHTML, like Gecko) Chrome/115.0.0.0 Safari/537.36"
::1 - - [05/Aug/2023:12:49:23 +0530] "GET /word2/wp-content/plugins/elementor/assets/lib/font-awesome/css/brands.min.css HTTP/1.1" 200 675 "http://localhost/word2/wp-admin/post.php?post=1318&action=elementor" "Mozilla/5.0 (Windows NT 10.0; Win64; x64) AppleWebKit/537.36 (KHTML, like Gecko) Chrome/115.0.0.0 Safari/537.36"
::1 - - [05/Aug/2023:12:49:23 +0530] "GET /word2/wp-content/plugins/elementor/assets/lib/font-awesome/js/regular.js HTTP/1.1" 200 2264 "http://localhost/word2/wp-admin/post.php?post=1318&action=elementor" "Mozilla/5.0 (Windows NT 10.0; Win64; x64) AppleWebKit/537.36 (KHTML, like Gecko) Chrome/115.0.0.0 Safari/537.36"
::1 - - [05/Aug/2023:12:49:23 +0530] "GET /word2/wp-content/plugins/elementor/assets/lib/font-awesome/js/solid.js HTTP/1.1" 200 14604 "http://localhost/word2/wp-admin/post.php?post=1318&action=elementor" "Mozilla/5.0 (Windows NT 10.0; Win64; x64) AppleWebKit/537.36 (KHTML, like Gecko) Chrome/115.0.0.0 Safari/537.36"
::1 - - [05/Aug/2023:12:49:23 +0530] "GET /word2/wp-content/plugins/elementor/assets/lib/font-awesome/js/brands.js HTTP/1.1" 200 6343 "http://localhost/word2/wp-admin/post.php?post=1318&action=elementor" "Mozilla/5.0 (Windows NT 10.0; Win64; x64) AppleWebKit/537.36 (KHTML, like Gecko) Chrome/115.0.0.0 Safari/537.36"
::1 - - [05/Aug/2023:12:49:23 +0530] "POST /word2/wp-admin/admin-ajax.php HTTP/1.1" 200 254 "http://localhost/word2/wp-admin/post.php?post=1318&action=elementor" "Mozilla/5.0 (Windows NT 10.0; Win64; x64) AppleWebKit/537.36 (KHTML, like Gecko) Chrome/115.0.0.0 Safari/537.36"
::1 - - [05/Aug/2023:12:49:23 +0530] "POST /word2/wp-admin/admin-ajax.php HTTP/1.1" 200 77 "http://localhost/word2/wp-admin/post.php?post=1318&action=elementor" "Mozilla/5.0 (Windows NT 10.0; Win64; x64) AppleWebKit/537.36 (KHTML, like Gecko) Chrome/115.0.0.0 Safari/537.36"
::1 - - [05/Aug/2023:12:49:38 +0530] "POST /word2/wp-admin/admin-ajax.php HTTP/1.1" 200 77 "http://localhost/word2/wp-admin/post.php?post=1318&action=elementor" "Mozilla/5.0 (Windows NT 10.0; Win64; x64) AppleWebKit/537.36 (KHTML, like Gecko) Chrome/115.0.0.0 Safari/537.36"
::1 - - [05/Aug/2023:12:49:53 +0530] "POST /word2/wp-admin/admin-ajax.php HTTP/1.1" 200 77 "http://localhost/word2/wp-admin/post.php?post=1318&action=elementor" "Mozilla/5.0 (Windows NT 10.0; Win64; x64) AppleWebKit/537.36 (KHTML, like Gecko) Chrome/115.0.0.0 Safari/537.36"
::1 - - [05/Aug/2023:12:49:57 +0530] "POST /word2/wp-admin/admin-ajax.php HTTP/1.1" 200 223 "http://localhost/word2/wp-admin/post.php?post=1318&action=elementor" "Mozilla/5.0 (Windows NT 10.0; Win64; x64) AppleWebKit/537.36 (KHTML, like Gecko) Chrome/115.0.0.0 Safari/537.36"
::1 - - [05/Aug/2023:12:50:04 +0530] "POST /word2/wp-admin/admin-ajax.php HTTP/1.1" 200 47 "http://localhost/word2/wp-admin/admin.php?page=livemesh_el_addons" "Mozilla/5.0 (Windows NT 10.0; Win64; x64) AppleWebKit/537.36 (KHTML, like Gecko) Chrome/115.0.0.0 Safari/537.36"
127.0.0.1 - - [05/Aug/2023:12:50:06 +0530] "POST /word2/wp-cron.php?doing_wp_cron=1691220006.2398440837860107421875 HTTP/1.1" 200 - "-" "WordPress/6.2.2; http://localhost/word2"
::1 - - [05/Aug/2023:12:50:08 +0530] "POST /word2/wp-admin/admin-ajax.php HTTP/1.1" 200 77 "http://localhost/word2/wp-admin/post.php?post=1318&action=elementor" "Mozilla/5.0 (Windows NT 10.0; Win64; x64) AppleWebKit/537.36 (KHTML, like Gecko) Chrome/115.0.0.0 Safari/537.36"
::1 - - [05/Aug/2023:12:50:22 +0530] "POST /word2/wp-admin/admin-ajax.php HTTP/1.1" 200 47 "http://localhost/word2/wp-admin/themes.php?page=starter-templates&ci=2" "Mozilla/5.0 (Windows NT 10.0; Win64; x64) AppleWebKit/537.36 (KHTML, like Gecko) Chrome/115.0.0.0 Safari/537.36"
::1 - - [05/Aug/2023:12:50:23 +0530] "POST /word2/wp-admin/admin-ajax.php HTTP/1.1" 200 77 "http://localhost/word2/wp-admin/post.php?post=1318&action=elementor" "Mozilla/5.0 (Windows NT 10.0; Win64; x64) AppleWebKit/537.36 (KHTML, like Gecko) Chrome/115.0.0.0 Safari/537.36"
::1 - - [05/Aug/2023:12:50:38 +0530] "POST /word2/wp-admin/admin-ajax.php HTTP/1.1" 200 77 "http://localhost/word2/wp-admin/post.php?post=1318&action=elementor" "Mozilla/5.0 (Windows NT 10.0; Win64; x64) AppleWebKit/537.36 (KHTML, like Gecko) Chrome/115.0.0.0 Safari/537.36"
::1 - - [05/Aug/2023:12:50:49 +0530] "POST /word2/wp-admin/admin-ajax.php HTTP/1.1" 200 538 "http://localhost/word2/wp-admin/post.php?post=1318&action=elementor" "Mozilla/5.0 (Windows NT 10.0; Win64; x64) AppleWebKit/537.36 (KHTML, like Gecko) Chrome/115.0.0.0 Safari/537.36"
::1 - - [05/Aug/2023:12:50:53 +0530] "POST /word2/wp-admin/admin-ajax.php HTTP/1.1" 200 77 "http://localhost/word2/wp-admin/post.php?post=1318&action=elementor" "Mozilla/5.0 (Windows NT 10.0; Win64; x64) AppleWebKit/537.36 (KHTML, like Gecko) Chrome/115.0.0.0 Safari/537.36"
::1 - - [05/Aug/2023:12:51:09 +0530] "GET /word2/wp-content/uploads/2021/11/quotes.svg HTTP/1.1" 304 - "http://localhost/word2/?elementor-preview=1318&ver=1691219355" "Mozilla/5.0 (Windows NT 10.0; Win64; x64) AppleWebKit/537.36 (KHTML, like Gecko) Chrome/115.0.0.0 Safari/537.36"
::1 - - [05/Aug/2023:12:51:09 +0530] "GET /word2/wp-content/uploads/2021/11/avatar_on_home.png HTTP/1.1" 304 - "http://localhost/word2/?elementor-preview=1318&ver=1691219355" "Mozilla/5.0 (Windows NT 10.0; Win64; x64) AppleWebKit/537.36 (KHTML, like Gecko) Chrome/115.0.0.0 Safari/537.36"
::1 - - [05/Aug/2023:12:51:08 +0530] "POST /word2/wp-admin/admin-ajax.php HTTP/1.1" 200 77 "http://localhost/word2/wp-admin/post.php?post=1318&action=elementor" "Mozilla/5.0 (Windows NT 10.0; Win64; x64) AppleWebKit/537.36 (KHTML, like Gecko) Chrome/115.0.0.0 Safari/537.36"
127.0.0.1 - - [05/Aug/2023:12:51:10 +0530] "POST /word2/wp-cron.php?doing_wp_cron=1691220070.4477159976959228515625 HTTP/1.1" 200 - "-" "WordPress/6.2.2; http://localhost/word2"
::1 - - [05/Aug/2023:12:51:23 +0530] "POST /word2/wp-admin/admin-ajax.php HTTP/1.1" 200 77 "http://localhost/word2/wp-admin/post.php?post=1318&action=elementor" "Mozilla/5.0 (Windows NT 10.0; Win64; x64) AppleWebKit/537.36 (KHTML, like Gecko) Chrome/115.0.0.0 Safari/537.36"
::1 - - [05/Aug/2023:12:51:38 +0530] "POST /word2/wp-admin/admin-ajax.php HTTP/1.1" 200 77 "http://localhost/word2/wp-admin/post.php?post=1318&action=elementor" "Mozilla/5.0 (Windows NT 10.0; Win64; x64) AppleWebKit/537.36 (KHTML, like Gecko) Chrome/115.0.0.0 Safari/537.36"
::1 - - [05/Aug/2023:12:51:53 +0530] "POST /word2/wp-admin/admin-ajax.php HTTP/1.1" 200 77 "http://localhost/word2/wp-admin/post.php?post=1318&action=elementor" "Mozilla/5.0 (Windows NT 10.0; Win64; x64) AppleWebKit/537.36 (KHTML, like Gecko) Chrome/115.0.0.0 Safari/537.36"
::1 - - [05/Aug/2023:12:52:05 +0530] "POST /word2/wp-admin/admin-ajax.php HTTP/1.1" 200 47 "http://localhost/word2/wp-admin/admin.php?page=livemesh_el_addons" "Mozilla/5.0 (Windows NT 10.0; Win64; x64) AppleWebKit/537.36 (KHTML, like Gecko) Chrome/115.0.0.0 Safari/537.36"
127.0.0.1 - - [05/Aug/2023:12:52:07 +0530] "POST /word2/wp-cron.php?doing_wp_cron=1691220127.0589859485626220703125 HTTP/1.1" 200 - "-" "WordPress/6.2.2; http://localhost/word2"
::1 - - [05/Aug/2023:12:52:08 +0530] "POST /word2/wp-admin/admin-ajax.php HTTP/1.1" 200 77 "http://localhost/word2/wp-admin/post.php?post=1318&action=elementor" "Mozilla/5.0 (Windows NT 10.0; Win64; x64) AppleWebKit/537.36 (KHTML, like Gecko) Chrome/115.0.0.0 Safari/537.36"
::1 - - [05/Aug/2023:12:52:17 +0530] "POST /word2/wp-admin/admin-ajax.php HTTP/1.1" 200 212 "http://localhost/word2/wp-admin/post.php?post=1318&action=elementor" "Mozilla/5.0 (Windows NT 10.0; Win64; x64) AppleWebKit/537.36 (KHTML, like Gecko) Chrome/115.0.0.0 Safari/537.36"
::1 - - [05/Aug/2023:12:52:23 +0530] "POST /word2/wp-admin/admin-ajax.php HTTP/1.1" 200 47 "http://localhost/word2/wp-admin/themes.php?page=starter-templates&ci=2" "Mozilla/5.0 (Windows NT 10.0; Win64; x64) AppleWebKit/537.36 (KHTML, like Gecko) Chrome/115.0.0.0 Safari/537.36"
::1 - - [05/Aug/2023:12:52:23 +0530] "POST /word2/wp-admin/admin-ajax.php HTTP/1.1" 200 96 "http://localhost/word2/wp-admin/post.php?post=1318&action=elementor" "Mozilla/5.0 (Windows NT 10.0; Win64; x64) AppleWebKit/537.36 (KHTML, like Gecko) Chrome/115.0.0.0 Safari/537.36"
::1 - - [05/Aug/2023:12:52:23 +0530] "POST /word2/wp-admin/admin-ajax.php HTTP/1.1" 200 77 "http://localhost/word2/wp-admin/post.php?post=1318&action=elementor" "Mozilla/5.0 (Windows NT 10.0; Win64; x64) AppleWebKit/537.36 (KHTML, like Gecko) Chrome/115.0.0.0 Safari/537.36"
::1 - - [05/Aug/2023:12:52:38 +0530] "POST /word2/wp-admin/admin-ajax.php HTTP/1.1" 200 77 "http://localhost/word2/wp-admin/post.php?post=1318&action=elementor" "Mozilla/5.0 (Windows NT 10.0; Win64; x64) AppleWebKit/537.36 (KHTML, like Gecko) Chrome/115.0.0.0 Safari/537.36"
::1 - - [05/Aug/2023:12:52:53 +0530] "POST /word2/wp-admin/admin-ajax.php HTTP/1.1" 200 77 "http://localhost/word2/wp-admin/post.php?post=1318&action=elementor" "Mozilla/5.0 (Windows NT 10.0; Win64; x64) AppleWebKit/537.36 (KHTML, like Gecko) Chrome/115.0.0.0 Safari/537.36"
::1 - - [05/Aug/2023:12:53:06 +0530] "POST /word2/wp-admin/admin-ajax.php HTTP/1.1" 200 96 "http://localhost/word2/wp-admin/post.php?post=1318&action=elementor" "Mozilla/5.0 (Windows NT 10.0; Win64; x64) AppleWebKit/537.36 (KHTML, like Gecko) Chrome/115.0.0.0 Safari/537.36"
127.0.0.1 - - [05/Aug/2023:12:53:08 +0530] "POST /word2/wp-cron.php?doing_wp_cron=1691220188.0965020656585693359375 HTTP/1.1" 200 - "-" "WordPress/6.2.2; http://localhost/word2"
::1 - - [05/Aug/2023:12:53:08 +0530] "POST /word2/wp-admin/admin-ajax.php HTTP/1.1" 200 77 "http://localhost/word2/wp-admin/post.php?post=1318&action=elementor" "Mozilla/5.0 (Windows NT 10.0; Win64; x64) AppleWebKit/537.36 (KHTML, like Gecko) Chrome/115.0.0.0 Safari/537.36"
::1 - - [05/Aug/2023:12:53:23 +0530] "POST /word2/wp-admin/admin-ajax.php HTTP/1.1" 200 77 "http://localhost/word2/wp-admin/post.php?post=1318&action=elementor" "Mozilla/5.0 (Windows NT 10.0; Win64; x64) AppleWebKit/537.36 (KHTML, like Gecko) Chrome/115.0.0.0 Safari/537.36"
::1 - - [05/Aug/2023:12:53:38 +0530] "POST /word2/wp-admin/admin-ajax.php HTTP/1.1" 200 77 "http://localhost/word2/wp-admin/post.php?post=1318&action=elementor" "Mozilla/5.0 (Windows NT 10.0; Win64; x64) AppleWebKit/537.36 (KHTML, like Gecko) Chrome/115.0.0.0 Safari/537.36"
::1 - - [05/Aug/2023:12:53:44 +0530] "POST /word2/wp-admin/admin-ajax.php HTTP/1.1" 200 96 "http://localhost/word2/wp-admin/post.php?post=1318&action=elementor" "Mozilla/5.0 (Windows NT 10.0; Win64; x64) AppleWebKit/537.36 (KHTML, like Gecko) Chrome/115.0.0.0 Safari/537.36"
::1 - - [05/Aug/2023:12:53:53 +0530] "POST /word2/wp-admin/admin-ajax.php HTTP/1.1" 200 77 "http://localhost/word2/wp-admin/post.php?post=1318&action=elementor" "Mozilla/5.0 (Windows NT 10.0; Win64; x64) AppleWebKit/537.36 (KHTML, like Gecko) Chrome/115.0.0.0 Safari/537.36"
127.0.0.1 - - [05/Aug/2023:12:53:55 +0530] "POST /word2/wp-cron.php?doing_wp_cron=1691220235.1686420440673828125000 HTTP/1.1" 200 - "-" "WordPress/6.2.2; http://localhost/word2"
::1 - - [05/Aug/2023:12:53:59 +0530] "POST /word2/wp-admin/admin-ajax.php HTTP/1.1" 200 96 "http://localhost/word2/wp-admin/post.php?post=1318&action=elementor" "Mozilla/5.0 (Windows NT 10.0; Win64; x64) AppleWebKit/537.36 (KHTML, like Gecko) Chrome/115.0.0.0 Safari/537.36"
::1 - - [05/Aug/2023:12:54:02 +0530] "POST /word2/wp-admin/admin-ajax.php HTTP/1.1" 200 96 "http://localhost/word2/wp-admin/post.php?post=1318&action=elementor" "Mozilla/5.0 (Windows NT 10.0; Win64; x64) AppleWebKit/537.36 (KHTML, like Gecko) Chrome/115.0.0.0 Safari/537.36"
::1 - - [05/Aug/2023:12:54:06 +0530] "POST /word2/wp-admin/admin-ajax.php HTTP/1.1" 200 47 "http://localhost/word2/wp-admin/admin.php?page=livemesh_el_addons" "Mozilla/5.0 (Windows NT 10.0; Win64; x64) AppleWebKit/537.36 (KHTML, like Gecko) Chrome/115.0.0.0 Safari/537.36"
127.0.0.1 - - [05/Aug/2023:12:54:07 +0530] "POST /word2/wp-cron.php?doing_wp_cron=1691220247.8311319351196289062500 HTTP/1.1" 200 - "-" "WordPress/6.2.2; http://localhost/word2"
::1 - - [05/Aug/2023:12:54:08 +0530] "POST /word2/wp-admin/admin-ajax.php HTTP/1.1" 200 77 "http://localhost/word2/wp-admin/post.php?post=1318&action=elementor" "Mozilla/5.0 (Windows NT 10.0; Win64; x64) AppleWebKit/537.36 (KHTML, like Gecko) Chrome/115.0.0.0 Safari/537.36"
::1 - - [05/Aug/2023:12:54:16 +0530] "POST /word2/wp-admin/admin-ajax.php HTTP/1.1" 200 96 "http://localhost/word2/wp-admin/post.php?post=1318&action=elementor" "Mozilla/5.0 (Windows NT 10.0; Win64; x64) AppleWebKit/537.36 (KHTML, like Gecko) Chrome/115.0.0.0 Safari/537.36"
::1 - - [05/Aug/2023:12:54:23 +0530] "POST /word2/wp-admin/admin-ajax.php HTTP/1.1" 200 77 "http://localhost/word2/wp-admin/post.php?post=1318&action=elementor" "Mozilla/5.0 (Windows NT 10.0; Win64; x64) AppleWebKit/537.36 (KHTML, like Gecko) Chrome/115.0.0.0 Safari/537.36"
::1 - - [05/Aug/2023:12:54:24 +0530] "POST /word2/wp-admin/admin-ajax.php HTTP/1.1" 200 47 "http://localhost/word2/wp-admin/themes.php?page=starter-templates&ci=2" "Mozilla/5.0 (Windows NT 10.0; Win64; x64) AppleWebKit/537.36 (KHTML, like Gecko) Chrome/115.0.0.0 Safari/537.36"
::1 - - [05/Aug/2023:12:54:38 +0530] "POST /word2/wp-admin/admin-ajax.php HTTP/1.1" 200 77 "http://localhost/word2/wp-admin/post.php?post=1318&action=elementor" "Mozilla/5.0 (Windows NT 10.0; Win64; x64) AppleWebKit/537.36 (KHTML, like Gecko) Chrome/115.0.0.0 Safari/537.36"
::1 - - [05/Aug/2023:12:54:43 +0530] "POST /word2/wp-admin/admin-ajax.php HTTP/1.1" 200 96 "http://localhost/word2/wp-admin/post.php?post=1318&action=elementor" "Mozilla/5.0 (Windows NT 10.0; Win64; x64) AppleWebKit/537.36 (KHTML, like Gecko) Chrome/115.0.0.0 Safari/537.36"
::1 - - [05/Aug/2023:12:54:53 +0530] "POST /word2/wp-admin/admin-ajax.php HTTP/1.1" 200 77 "http://localhost/word2/wp-admin/post.php?post=1318&action=elementor" "Mozilla/5.0 (Windows NT 10.0; Win64; x64) AppleWebKit/537.36 (KHTML, like Gecko) Chrome/115.0.0.0 Safari/537.36"
::1 - - [05/Aug/2023:12:55:08 +0530] "POST /word2/wp-admin/admin-ajax.php HTTP/1.1" 200 77 "http://localhost/word2/wp-admin/post.php?post=1318&action=elementor" "Mozilla/5.0 (Windows NT 10.0; Win64; x64) AppleWebKit/537.36 (KHTML, like Gecko) Chrome/115.0.0.0 Safari/537.36"
127.0.0.1 - - [05/Aug/2023:12:55:10 +0530] "POST /word2/wp-cron.php?doing_wp_cron=1691220310.2782979011535644531250 HTTP/1.1" 200 - "-" "WordPress/6.2.2; http://localhost/word2"
::1 - - [05/Aug/2023:12:55:23 +0530] "POST /word2/wp-admin/admin-ajax.php HTTP/1.1" 200 77 "http://localhost/word2/wp-admin/post.php?post=1318&action=elementor" "Mozilla/5.0 (Windows NT 10.0; Win64; x64) AppleWebKit/537.36 (KHTML, like Gecko) Chrome/115.0.0.0 Safari/537.36"
::1 - - [05/Aug/2023:12:55:38 +0530] "POST /word2/wp-admin/admin-ajax.php HTTP/1.1" 200 77 "http://localhost/word2/wp-admin/post.php?post=1318&action=elementor" "Mozilla/5.0 (Windows NT 10.0; Win64; x64) AppleWebKit/537.36 (KHTML, like Gecko) Chrome/115.0.0.0 Safari/537.36"
::1 - - [05/Aug/2023:12:55:53 +0530] "POST /word2/wp-admin/admin-ajax.php HTTP/1.1" 200 77 "http://localhost/word2/wp-admin/post.php?post=1318&action=elementor" "Mozilla/5.0 (Windows NT 10.0; Win64; x64) AppleWebKit/537.36 (KHTML, like Gecko) Chrome/115.0.0.0 Safari/537.36"
::1 - - [05/Aug/2023:12:56:07 +0530] "POST /word2/wp-admin/admin-ajax.php HTTP/1.1" 200 47 "http://localhost/word2/wp-admin/admin.php?page=livemesh_el_addons" "Mozilla/5.0 (Windows NT 10.0; Win64; x64) AppleWebKit/537.36 (KHTML, like Gecko) Chrome/115.0.0.0 Safari/537.36"
::1 - - [05/Aug/2023:12:56:08 +0530] "POST /word2/wp-admin/admin-ajax.php HTTP/1.1" 200 77 "http://localhost/word2/wp-admin/post.php?post=1318&action=elementor" "Mozilla/5.0 (Windows NT 10.0; Win64; x64) AppleWebKit/537.36 (KHTML, like Gecko) Chrome/115.0.0.0 Safari/537.36"
127.0.0.1 - - [05/Aug/2023:12:56:09 +0530] "POST /word2/wp-cron.php?doing_wp_cron=1691220369.0863230228424072265625 HTTP/1.1" 200 - "-" "WordPress/6.2.2; http://localhost/word2"
::1 - - [05/Aug/2023:12:56:21 +0530] "POST /word2/wp-admin/admin-ajax.php HTTP/1.1" 200 547 "http://localhost/word2/wp-admin/post.php?post=1318&action=elementor" "Mozilla/5.0 (Windows NT 10.0; Win64; x64) AppleWebKit/537.36 (KHTML, like Gecko) Chrome/115.0.0.0 Safari/537.36"
::1 - - [05/Aug/2023:12:56:23 +0530] "POST /word2/wp-admin/admin-ajax.php HTTP/1.1" 200 77 "http://localhost/word2/wp-admin/post.php?post=1318&action=elementor" "Mozilla/5.0 (Windows NT 10.0; Win64; x64) AppleWebKit/537.36 (KHTML, like Gecko) Chrome/115.0.0.0 Safari/537.36"
::1 - - [05/Aug/2023:12:56:26 +0530] "GET /word2/wp-content/uploads/2021/11/service-1.jpg HTTP/1.1" 304 - "http://localhost/word2/wp-admin/post.php?post=1318&action=elementor" "Mozilla/5.0 (Windows NT 10.0; Win64; x64) AppleWebKit/537.36 (KHTML, like Gecko) Chrome/115.0.0.0 Safari/537.36"
::1 - - [05/Aug/2023:12:56:26 +0530] "POST /word2/wp-admin/admin-ajax.php HTTP/1.1" 200 212 "http://localhost/word2/wp-admin/post.php?post=1318&action=elementor" "Mozilla/5.0 (Windows NT 10.0; Win64; x64) AppleWebKit/537.36 (KHTML, like Gecko) Chrome/115.0.0.0 Safari/537.36"
::1 - - [05/Aug/2023:12:56:39 +0530] "GET /word2/wp-includes/images/spinner-2x.gif HTTP/1.1" 200 7536 "http://localhost/word2/wp-includes/css/media-views.min.css?ver=6.2.2" "Mozilla/5.0 (Windows NT 10.0; Win64; x64) AppleWebKit/537.36 (KHTML, like Gecko) Chrome/115.0.0.0 Safari/537.36"
::1 - - [05/Aug/2023:12:56:40 +0530] "GET /word2/wp-content/plugins/astra-sites/inc/assets/fonts/astra-sites.ttf?9i8jex HTTP/1.1" 200 2352 "http://localhost/word2/wp-content/plugins/astra-sites/inc/assets/css/images.css?ver=1" "Mozilla/5.0 (Windows NT 10.0; Win64; x64) AppleWebKit/537.36 (KHTML, like Gecko) Chrome/115.0.0.0 Safari/537.36"
::1 - - [05/Aug/2023:12:56:38 +0530] "POST /word2/wp-admin/admin-ajax.php HTTP/1.1" 200 77 "http://localhost/word2/wp-admin/post.php?post=1318&action=elementor" "Mozilla/5.0 (Windows NT 10.0; Win64; x64) AppleWebKit/537.36 (KHTML, like Gecko) Chrome/115.0.0.0 Safari/537.36"
::1 - - [05/Aug/2023:12:56:40 +0530] "GET /word2/wp-content/plugins/astra-sites/inc/assets/images/pixabay-logo.png HTTP/1.1" 200 7199 "http://localhost/word2/wp-admin/post.php?post=1318&action=elementor" "Mozilla/5.0 (Windows NT 10.0; Win64; x64) AppleWebKit/537.36 (KHTML, like Gecko) Chrome/115.0.0.0 Safari/537.36"
::1 - - [05/Aug/2023:12:56:39 +0530] "POST /word2/wp-admin/admin-ajax.php HTTP/1.1" 200 25164 "http://localhost/word2/wp-admin/post.php?post=1318&action=elementor" "Mozilla/5.0 (Windows NT 10.0; Win64; x64) AppleWebKit/537.36 (KHTML, like Gecko) Chrome/115.0.0.0 Safari/537.36"
::1 - - [05/Aug/2023:12:56:42 +0530] "POST /word2/wp-admin/admin-ajax.php HTTP/1.1" 200 27756 "http://localhost/word2/wp-admin/post.php?post=1318&action=elementor" "Mozilla/5.0 (Windows NT 10.0; Win64; x64) AppleWebKit/537.36 (KHTML, like Gecko) Chrome/115.0.0.0 Safari/537.36"
::1 - - [05/Aug/2023:12:56:45 +0530] "POST /word2/wp-admin/admin-ajax.php HTTP/1.1" 200 5490 "http://localhost/word2/wp-admin/post.php?post=1318&action=elementor" "Mozilla/5.0 (Windows NT 10.0; Win64; x64) AppleWebKit/537.36 (KHTML, like Gecko) Chrome/115.0.0.0 Safari/537.36"
::1 - - [05/Aug/2023:12:56:48 +0530] "POST /word2/wp-admin/admin-ajax.php HTTP/1.1" 200 27617 "http://localhost/word2/wp-admin/post.php?post=1318&action=elementor" "Mozilla/5.0 (Windows NT 10.0; Win64; x64) AppleWebKit/537.36 (KHTML, like Gecko) Chrome/115.0.0.0 Safari/537.36"
::1 - - [05/Aug/2023:12:56:53 +0530] "POST /word2/wp-admin/admin-ajax.php HTTP/1.1" 200 77 "http://localhost/word2/wp-admin/post.php?post=1318&action=elementor" "Mozilla/5.0 (Windows NT 10.0; Win64; x64) AppleWebKit/537.36 (KHTML, like Gecko) Chrome/115.0.0.0 Safari/537.36"
::1 - - [05/Aug/2023:12:56:57 +0530] "POST /word2/wp-admin/admin-ajax.php HTTP/1.1" 200 61 "http://localhost/word2/wp-admin/post.php?post=1318&action=elementor" "Mozilla/5.0 (Windows NT 10.0; Win64; x64) AppleWebKit/537.36 (KHTML, like Gecko) Chrome/115.0.0.0 Safari/537.36"
::1 - - [05/Aug/2023:12:57:00 +0530] "POST /word2/wp-admin/admin-ajax.php HTTP/1.1" 200 61 "http://localhost/word2/wp-admin/post.php?post=1318&action=elementor" "Mozilla/5.0 (Windows NT 10.0; Win64; x64) AppleWebKit/537.36 (KHTML, like Gecko) Chrome/115.0.0.0 Safari/537.36"
127.0.0.1 - - [05/Aug/2023:12:57:06 +0530] "POST /word2/wp-cron.php?doing_wp_cron=1691220426.0102119445800781250000 HTTP/1.1" 200 - "-" "WordPress/6.2.2; http://localhost/word2"
::1 - - [05/Aug/2023:12:57:04 +0530] "POST /word2/wp-admin/admin-ajax.php HTTP/1.1" 200 61 "http://localhost/word2/wp-admin/post.php?post=1318&action=elementor" "Mozilla/5.0 (Windows NT 10.0; Win64; x64) AppleWebKit/537.36 (KHTML, like Gecko) Chrome/115.0.0.0 Safari/537.36"
::1 - - [05/Aug/2023:12:57:08 +0530] "POST /word2/wp-admin/admin-ajax.php HTTP/1.1" 200 77 "http://localhost/word2/wp-admin/post.php?post=1318&action=elementor" "Mozilla/5.0 (Windows NT 10.0; Win64; x64) AppleWebKit/537.36 (KHTML, like Gecko) Chrome/115.0.0.0 Safari/537.36"
::1 - - [05/Aug/2023:12:57:08 +0530] "POST /word2/wp-admin/admin-ajax.php HTTP/1.1" 200 61 "http://localhost/word2/wp-admin/post.php?post=1318&action=elementor" "Mozilla/5.0 (Windows NT 10.0; Win64; x64) AppleWebKit/537.36 (KHTML, like Gecko) Chrome/115.0.0.0 Safari/537.36"
::1 - - [05/Aug/2023:12:57:24 +0530] "POST /word2/wp-admin/admin-ajax.php HTTP/1.1" 200 77 "http://localhost/word2/wp-admin/post.php?post=1318&action=elementor" "Mozilla/5.0 (Windows NT 10.0; Win64; x64) AppleWebKit/537.36 (KHTML, like Gecko) Chrome/115.0.0.0 Safari/537.36"
::1 - - [05/Aug/2023:12:57:33 +0530] "POST /word2/wp-admin/admin-ajax.php HTTP/1.1" 200 576 "http://localhost/word2/wp-admin/post.php?post=1318&action=elementor" "Mozilla/5.0 (Windows NT 10.0; Win64; x64) AppleWebKit/537.36 (KHTML, like Gecko) Chrome/115.0.0.0 Safari/537.36"
::1 - - [05/Aug/2023:12:58:39 +0530] "POST /word2/wp-admin/admin-ajax.php HTTP/1.1" 200 47 "http://localhost/word2/wp-admin/admin.php?page=livemesh_el_addons" "Mozilla/5.0 (Windows NT 10.0; Win64; x64) AppleWebKit/537.36 (KHTML, like Gecko) Chrome/115.0.0.0 Safari/537.36"
127.0.0.1 - - [05/Aug/2023:12:58:41 +0530] "POST /word2/wp-cron.php?doing_wp_cron=1691220521.3881959915161132812500 HTTP/1.1" 200 - "-" "WordPress/6.2.2; http://localhost/word2"
::1 - - [05/Aug/2023:12:58:43 +0530] "GET /word2/wp-content/plugins/astra-sites/inc/assets/images/pixabay-logo.png HTTP/1.1" 200 7199 "http://localhost/word2/wp-admin/post.php?post=1318&action=elementor" "Mozilla/5.0 (Windows NT 10.0; Win64; x64) AppleWebKit/537.36 (KHTML, like Gecko) Chrome/115.0.0.0 Safari/537.36"
::1 - - [05/Aug/2023:12:58:41 +0530] "POST /word2/wp-admin/admin-ajax.php HTTP/1.1" 200 77 "http://localhost/word2/wp-admin/post.php?post=1318&action=elementor" "Mozilla/5.0 (Windows NT 10.0; Win64; x64) AppleWebKit/537.36 (KHTML, like Gecko) Chrome/115.0.0.0 Safari/537.36"
::1 - - [05/Aug/2023:12:58:45 +0530] "POST /word2/wp-admin/admin-ajax.php HTTP/1.1" 200 27699 "http://localhost/word2/wp-admin/post.php?post=1318&action=elementor" "Mozilla/5.0 (Windows NT 10.0; Win64; x64) AppleWebKit/537.36 (KHTML, like Gecko) Chrome/115.0.0.0 Safari/537.36"
::1 - - [05/Aug/2023:12:58:50 +0530] "GET /word2/wp-content/uploads/2021/11/avatar_on_home.png HTTP/1.1" 304 - "http://localhost/word2/wp-admin/post.php?post=1318&action=elementor" "Mozilla/5.0 (Windows NT 10.0; Win64; x64) AppleWebKit/537.36 (KHTML, like Gecko) Chrome/115.0.0.0 Safari/537.36"
::1 - - [05/Aug/2023:12:58:50 +0530] "GET /word2/wp-content/uploads/2021/11/quotes.svg HTTP/1.1" 304 - "http://localhost/word2/wp-admin/post.php?post=1318&action=elementor" "Mozilla/5.0 (Windows NT 10.0; Win64; x64) AppleWebKit/537.36 (KHTML, like Gecko) Chrome/115.0.0.0 Safari/537.36"
::1 - - [05/Aug/2023:12:58:50 +0530] "GET /word2/wp-content/uploads/2021/11/service-2.jpg HTTP/1.1" 304 - "http://localhost/word2/wp-admin/post.php?post=1318&action=elementor" "Mozilla/5.0 (Windows NT 10.0; Win64; x64) AppleWebKit/537.36 (KHTML, like Gecko) Chrome/115.0.0.0 Safari/537.36"
::1 - - [05/Aug/2023:12:58:50 +0530] "GET /word2/wp-content/uploads/2021/11/service-3.jpg HTTP/1.1" 304 - "http://localhost/word2/wp-admin/post.php?post=1318&action=elementor" "Mozilla/5.0 (Windows NT 10.0; Win64; x64) AppleWebKit/537.36 (KHTML, like Gecko) Chrome/115.0.0.0 Safari/537.36"
::1 - - [05/Aug/2023:12:58:50 +0530] "GET /word2/wp-content/uploads/2022/01/header-hero.jpg HTTP/1.1" 304 - "http://localhost/word2/wp-admin/post.php?post=1318&action=elementor" "Mozilla/5.0 (Windows NT 10.0; Win64; x64) AppleWebKit/537.36 (KHTML, like Gecko) Chrome/115.0.0.0 Safari/537.36"
::1 - - [05/Aug/2023:12:58:50 +0530] "GET /word2/wp-includes/images/uploader-icons-2x.png HTTP/1.1" 200 3542 "http://localhost/word2/wp-includes/css/media-views.min.css?ver=6.2.2" "Mozilla/5.0 (Windows NT 10.0; Win64; x64) AppleWebKit/537.36 (KHTML, like Gecko) Chrome/115.0.0.0 Safari/537.36"
::1 - - [05/Aug/2023:12:58:50 +0530] "GET /word2/wp-content/uploads/2021/11/avatar_on_about.png HTTP/1.1" 200 11167 "http://localhost/word2/wp-admin/post.php?post=1318&action=elementor" "Mozilla/5.0 (Windows NT 10.0; Win64; x64) AppleWebKit/537.36 (KHTML, like Gecko) Chrome/115.0.0.0 Safari/537.36"
::1 - - [05/Aug/2023:12:58:50 +0530] "GET /word2/wp-content/uploads/2021/11/contact-hero-1.jpg HTTP/1.1" 200 213002 "http://localhost/word2/wp-admin/post.php?post=1318&action=elementor" "Mozilla/5.0 (Windows NT 10.0; Win64; x64) AppleWebKit/537.36 (KHTML, like Gecko) Chrome/115.0.0.0 Safari/537.36"
::1 - - [05/Aug/2023:12:58:50 +0530] "GET /word2/wp-content/uploads/2021/11/avatar_4.jpg HTTP/1.1" 200 24301 "http://localhost/word2/wp-admin/post.php?post=1318&action=elementor" "Mozilla/5.0 (Windows NT 10.0; Win64; x64) AppleWebKit/537.36 (KHTML, like Gecko) Chrome/115.0.0.0 Safari/537.36"
::1 - - [05/Aug/2023:12:58:50 +0530] "GET /word2/wp-content/uploads/2021/11/services-hero.jpg HTTP/1.1" 200 312337 "http://localhost/word2/wp-admin/post.php?post=1318&action=elementor" "Mozilla/5.0 (Windows NT 10.0; Win64; x64) AppleWebKit/537.36 (KHTML, like Gecko) Chrome/115.0.0.0 Safari/537.36"
::1 - - [05/Aug/2023:12:58:50 +0530] "GET /word2/wp-content/uploads/2021/11/avatar_1.jpg HTTP/1.1" 200 35990 "http://localhost/word2/wp-admin/post.php?post=1318&action=elementor" "Mozilla/5.0 (Windows NT 10.0; Win64; x64) AppleWebKit/537.36 (KHTML, like Gecko) Chrome/115.0.0.0 Safari/537.36"
::1 - - [05/Aug/2023:12:58:50 +0530] "GET /word2/wp-content/uploads/2021/11/avatar_2.jpg HTTP/1.1" 200 33077 "http://localhost/word2/wp-admin/post.php?post=1318&action=elementor" "Mozilla/5.0 (Windows NT 10.0; Win64; x64) AppleWebKit/537.36 (KHTML, like Gecko) Chrome/115.0.0.0 Safari/537.36"
::1 - - [05/Aug/2023:12:58:50 +0530] "GET /word2/wp-content/uploads/2021/11/avatar_3.jpg HTTP/1.1" 200 28877 "http://localhost/word2/wp-admin/post.php?post=1318&action=elementor" "Mozilla/5.0 (Windows NT 10.0; Win64; x64) AppleWebKit/537.36 (KHTML, like Gecko) Chrome/115.0.0.0 Safari/537.36"
::1 - - [05/Aug/2023:12:58:50 +0530] "GET /word2/wp-content/uploads/2022/01/demo-screenshot.jpg HTTP/1.1" 200 110711 "http://localhost/word2/wp-admin/post.php?post=1318&action=elementor" "Mozilla/5.0 (Windows NT 10.0; Win64; x64) AppleWebKit/537.36 (KHTML, like Gecko) Chrome/115.0.0.0 Safari/537.36"
::1 - - [05/Aug/2023:12:58:50 +0530] "GET /word2/wp-content/uploads/2021/11/contact-hero.jpg HTTP/1.1" 200 205218 "http://localhost/word2/wp-admin/post.php?post=1318&action=elementor" "Mozilla/5.0 (Windows NT 10.0; Win64; x64) AppleWebKit/537.36 (KHTML, like Gecko) Chrome/115.0.0.0 Safari/537.36"
::1 - - [05/Aug/2023:12:58:50 +0530] "GET /word2/wp-content/uploads/2021/11/header-hero-1.jpg HTTP/1.1" 200 266477 "http://localhost/word2/wp-admin/post.php?post=1318&action=elementor" "Mozilla/5.0 (Windows NT 10.0; Win64; x64) AppleWebKit/537.36 (KHTML, like Gecko) Chrome/115.0.0.0 Safari/537.36"
::1 - - [05/Aug/2023:12:58:50 +0530] "GET /word2/wp-content/uploads/2021/11/footer-hero-mobile.jpg HTTP/1.1" 200 62768 "http://localhost/word2/wp-admin/post.php?post=1318&action=elementor" "Mozilla/5.0 (Windows NT 10.0; Win64; x64) AppleWebKit/537.36 (KHTML, like Gecko) Chrome/115.0.0.0 Safari/537.36"
::1 - - [05/Aug/2023:12:58:50 +0530] "GET /word2/wp-content/uploads/2021/11/footer-hero-big.jpg HTTP/1.1" 304 - "http://localhost/word2/wp-admin/post.php?post=1318&action=elementor" "Mozilla/5.0 (Windows NT 10.0; Win64; x64) AppleWebKit/537.36 (KHTML, like Gecko) Chrome/115.0.0.0 Safari/537.36"
::1 - - [05/Aug/2023:12:58:50 +0530] "GET /word2/wp-content/uploads/2021/11/logo-green.svg HTTP/1.1" 200 5619 "http://localhost/word2/wp-admin/post.php?post=1318&action=elementor" "Mozilla/5.0 (Windows NT 10.0; Win64; x64) AppleWebKit/537.36 (KHTML, like Gecko) Chrome/115.0.0.0 Safari/537.36"
::1 - - [05/Aug/2023:12:58:50 +0530] "GET /word2/wp-content/uploads/2021/11/leaf.jpg HTTP/1.1" 304 - "http://localhost/word2/wp-admin/post.php?post=1318&action=elementor" "Mozilla/5.0 (Windows NT 10.0; Win64; x64) AppleWebKit/537.36 (KHTML, like Gecko) Chrome/115.0.0.0 Safari/537.36"
::1 - - [05/Aug/2023:12:58:50 +0530] "GET /word2/wp-content/uploads/2021/11/logo-white.svg HTTP/1.1" 304 - "http://localhost/word2/wp-admin/post.php?post=1318&action=elementor" "Mozilla/5.0 (Windows NT 10.0; Win64; x64) AppleWebKit/537.36 (KHTML, like Gecko) Chrome/115.0.0.0 Safari/537.36"
::1 - - [05/Aug/2023:12:58:50 +0530] "POST /word2/wp-admin/async-upload.php HTTP/1.1" 200 1291 "http://localhost/word2/wp-admin/post.php?post=1318&action=elementor" "Mozilla/5.0 (Windows NT 10.0; Win64; x64) AppleWebKit/537.36 (KHTML, like Gecko) Chrome/115.0.0.0 Safari/537.36"
::1 - - [05/Aug/2023:12:58:54 +0530] "GET /word2/wp-content/uploads/2023/08/pexels-pixabay-163443.jpg HTTP/1.1" 200 210405 "http://localhost/word2/wp-admin/post.php?post=1318&action=elementor" "Mozilla/5.0 (Windows NT 10.0; Win64; x64) AppleWebKit/537.36 (KHTML, like Gecko) Chrome/115.0.0.0 Safari/537.36"
::1 - - [05/Aug/2023:12:58:57 +0530] "GET /word2/wp-content/uploads/2023/08/pexels-pixabay-163443.jpg HTTP/1.1" 304 - "http://localhost/word2/?elementor-preview=1318&ver=1691219355" "Mozilla/5.0 (Windows NT 10.0; Win64; x64) AppleWebKit/537.36 (KHTML, like Gecko) Chrome/115.0.0.0 Safari/537.36"
::1 - - [05/Aug/2023:12:58:56 +0530] "POST /word2/wp-admin/admin-ajax.php HTTP/1.1" 200 77 "http://localhost/word2/wp-admin/post.php?post=1318&action=elementor" "Mozilla/5.0 (Windows NT 10.0; Win64; x64) AppleWebKit/537.36 (KHTML, like Gecko) Chrome/115.0.0.0 Safari/537.36"
