::1 - - [05/Aug/2023:12:24:04 +0530] "GET /word2/wp-includes/js/jquery/ui/mouse.min.js?ver=1.13.2 HTTP/1.1" 200 3402 "http://localhost/word2/wp-admin/" "Mozilla/5.0 (Windows NT 10.0; Win64; x64) AppleWebKit/537.36 (KHTML, like Gecko) Chrome/115.0.0.0 Safari/537.36"
::1 - - [05/Aug/2023:12:24:04 +0530] "GET /word2/wp-includes/js/jquery/ui/sortable.min.js?ver=1.13.2 HTTP/1.1" 200 25449 "http://localhost/word2/wp-admin/" "Mozilla/5.0 (Windows NT 10.0; Win64; x64) AppleWebKit/537.36 (KHTML, like Gecko) Chrome/115.0.0.0 Safari/537.36"
::1 - - [05/Aug/2023:12:24:04 +0530] "GET /word2/wp-includes/js/dist/deprecated.min.js?ver=6c963cb9494ba26b77eb HTTP/1.1" 200 812 "http://localhost/word2/wp-admin/" "Mozilla/5.0 (Windows NT 10.0; Win64; x64) AppleWebKit/537.36 (KHTML, like Gecko) Chrome/115.0.0.0 Safari/537.36"
::1 - - [05/Aug/2023:12:24:04 +0530] "GET /word2/wp-includes/js/wp-sanitize.min.js?ver=6.2.2 HTTP/1.1" 200 458 "http://localhost/word2/wp-admin/" "Mozilla/5.0 (Windows NT 10.0; Win64; x64) AppleWebKit/537.36 (KHTML, like Gecko) Chrome/115.0.0.0 Safari/537.36"
::1 - - [05/Aug/2023:12:24:04 +0530] "GET /word2/wp-admin/js/dashboard.min.js?ver=6.2.2 HTTP/1.1" 200 8797 "http://localhost/word2/wp-admin/" "Mozilla/5.0 (Windows NT 10.0; Win64; x64) AppleWebKit/537.36 (KHTML, like Gecko) Chrome/115.0.0.0 Safari/537.36"
::1 - - [05/Aug/2023:12:24:04 +0530] "GET /word2/wp-includes/js/dist/date.min.js?ver=f8550b1212d715fbf745 HTTP/1.1" 200 783916 "http://localhost/word2/wp-admin/" "Mozilla/5.0 (Windows NT 10.0; Win64; x64) AppleWebKit/537.36 (KHTML, like Gecko) Chrome/115.0.0.0 Safari/537.36"
::1 - - [05/Aug/2023:12:24:04 +0530] "GET /word2/wp-includes/js/thickbox/thickbox.js?ver=3.1-20121105 HTTP/1.1" 200 13242 "http://localhost/word2/wp-admin/" "Mozilla/5.0 (Windows NT 10.0; Win64; x64) AppleWebKit/537.36 (KHTML, like Gecko) Chrome/115.0.0.0 Safari/537.36"
::1 - - [05/Aug/2023:12:24:04 +0530] "GET /word2/wp-includes/js/dist/vendor/moment.min.js?ver=2.29.4 HTTP/1.1" 200 57925 "http://localhost/word2/wp-admin/" "Mozilla/5.0 (Windows NT 10.0; Win64; x64) AppleWebKit/537.36 (KHTML, like Gecko) Chrome/115.0.0.0 Safari/537.36"
::1 - - [05/Aug/2023:12:24:04 +0530] "GET /word2/wp-admin/js/updates.min.js?ver=6.2.2 HTTP/1.1" 200 41467 "http://localhost/word2/wp-admin/" "Mozilla/5.0 (Windows NT 10.0; Win64; x64) AppleWebKit/537.36 (KHTML, like Gecko) Chrome/115.0.0.0 Safari/537.36"
::1 - - [05/Aug/2023:12:24:04 +0530] "GET /word2/wp-includes/js/shortcode.min.js?ver=6.2.2 HTTP/1.1" 200 2643 "http://localhost/word2/wp-admin/" "Mozilla/5.0 (Windows NT 10.0; Win64; x64) AppleWebKit/537.36 (KHTML, like Gecko) Chrome/115.0.0.0 Safari/537.36"
::1 - - [05/Aug/2023:12:24:05 +0530] "GET /word2/wp-includes/js/heartbeat.min.js?ver=6.2.2 HTTP/1.1" 200 5928 "http://localhost/word2/wp-admin/" "Mozilla/5.0 (Windows NT 10.0; Win64; x64) AppleWebKit/537.36 (KHTML, like Gecko) Chrome/115.0.0.0 Safari/537.36"
::1 - - [05/Aug/2023:12:24:05 +0530] "GET /word2/wp-includes/js/wp-auth-check.min.js?ver=6.2.2 HTTP/1.1" 200 1658 "http://localhost/word2/wp-admin/" "Mozilla/5.0 (Windows NT 10.0; Win64; x64) AppleWebKit/537.36 (KHTML, like Gecko) Chrome/115.0.0.0 Safari/537.36"
::1 - - [05/Aug/2023:12:24:05 +0530] "GET /word2/wp-includes/js/wplink.min.js?ver=6.2.2 HTTP/1.1" 200 11253 "http://localhost/word2/wp-admin/" "Mozilla/5.0 (Windows NT 10.0; Win64; x64) AppleWebKit/537.36 (KHTML, like Gecko) Chrome/115.0.0.0 Safari/537.36"
::1 - - [05/Aug/2023:12:24:04 +0530] "GET /word2/wp-admin/js/plugin-install.min.js?ver=6.2.2 HTTP/1.1" 200 2403 "http://localhost/word2/wp-admin/" "Mozilla/5.0 (Windows NT 10.0; Win64; x64) AppleWebKit/537.36 (KHTML, like Gecko) Chrome/115.0.0.0 Safari/537.36"
::1 - - [05/Aug/2023:12:24:04 +0530] "GET /word2/wp-admin/js/media-upload.min.js?ver=6.2.2 HTTP/1.1" 200 1152 "http://localhost/word2/wp-admin/" "Mozilla/5.0 (Windows NT 10.0; Win64; x64) AppleWebKit/537.36 (KHTML, like Gecko) Chrome/115.0.0.0 Safari/537.36"
::1 - - [05/Aug/2023:12:24:05 +0530] "GET /word2/wp-admin/js/svg-painter.js?ver=6.2.2 HTTP/1.1" 200 5522 "http://localhost/word2/wp-admin/" "Mozilla/5.0 (Windows NT 10.0; Win64; x64) AppleWebKit/537.36 (KHTML, like Gecko) Chrome/115.0.0.0 Safari/537.36"
::1 - - [05/Aug/2023:12:24:05 +0530] "GET /word2/wp-includes/js/jquery/ui/autocomplete.min.js?ver=1.13.2 HTTP/1.1" 200 8466 "http://localhost/word2/wp-admin/" "Mozilla/5.0 (Windows NT 10.0; Win64; x64) AppleWebKit/537.36 (KHTML, like Gecko) Chrome/115.0.0.0 Safari/537.36"
::1 - - [05/Aug/2023:12:24:05 +0530] "GET /word2/wp-includes/js/jquery/ui/menu.min.js?ver=1.13.2 HTTP/1.1" 200 10114 "http://localhost/word2/wp-admin/" "Mozilla/5.0 (Windows NT 10.0; Win64; x64) AppleWebKit/537.36 (KHTML, like Gecko) Chrome/115.0.0.0 Safari/537.36"
::1 - - [05/Aug/2023:12:24:05 +0530] "GET /word2/wp-includes/js/thickbox/loadingAnimation.gif HTTP/1.1" 200 15238 "http://localhost/word2/wp-admin/" "Mozilla/5.0 (Windows NT 10.0; Win64; x64) AppleWebKit/537.36 (KHTML, like Gecko) Chrome/115.0.0.0 Safari/537.36"
::1 - - [05/Aug/2023:12:24:05 +0530] "GET /word2/wp-admin/admin-ajax.php?action=wp-compression-test&test=1&_ajax_nonce=bfdbdc9684&1691218445226 HTTP/1.1" 200 1114 "http://localhost/word2/wp-admin/" "Mozilla/5.0 (Windows NT 10.0; Win64; x64) AppleWebKit/537.36 (KHTML, like Gecko) Chrome/115.0.0.0 Safari/537.36"
127.0.0.1 - - [05/Aug/2023:12:24:06 +0530] "POST /word2/wp-cron.php?doing_wp_cron=1691218446.1270620822906494140625 HTTP/1.1" 200 - "-" "WordPress/6.2.2; http://localhost/word2"
::1 - - [05/Aug/2023:12:24:07 +0530] "GET /word2/wp-admin/admin-ajax.php?action=wp-compression-test&test=2&_ajax_nonce=bfdbdc9684&1691218447348 HTTP/1.1" 200 572 "http://localhost/word2/wp-admin/" "Mozilla/5.0 (Windows NT 10.0; Win64; x64) AppleWebKit/537.36 (KHTML, like Gecko) Chrome/115.0.0.0 Safari/537.36"
::1 - - [05/Aug/2023:12:24:07 +0530] "POST /word2/wp-admin/admin-ajax.php HTTP/1.1" 200 1 "http://localhost/word2/wp-admin/" "Mozilla/5.0 (Windows NT 10.0; Win64; x64) AppleWebKit/537.36 (KHTML, like Gecko) Chrome/115.0.0.0 Safari/537.36"
::1 - - [05/Aug/2023:12:24:05 +0530] "POST /word2/wp-admin/admin-ajax.php HTTP/1.1" 200 92 "http://localhost/word2/wp-admin/" "Mozilla/5.0 (Windows NT 10.0; Win64; x64) AppleWebKit/537.36 (KHTML, like Gecko) Chrome/115.0.0.0 Safari/537.36"
::1 - - [05/Aug/2023:12:24:08 +0530] "GET /word2/wp-admin/admin-ajax.php?action=wp-compression-test&test=yes&_ajax_nonce=bfdbdc9684&1691218448256 HTTP/1.1" 200 1 "http://localhost/word2/wp-admin/" "Mozilla/5.0 (Windows NT 10.0; Win64; x64) AppleWebKit/537.36 (KHTML, like Gecko) Chrome/115.0.0.0 Safari/537.36"
::1 - - [05/Aug/2023:12:24:09 +0530] "GET /word2/wp-admin/edit.php HTTP/1.1" 200 16575 "http://localhost/word2/wp-admin/" "Mozilla/5.0 (Windows NT 10.0; Win64; x64) AppleWebKit/537.36 (KHTML, like Gecko) Chrome/115.0.0.0 Safari/537.36"
::1 - - [05/Aug/2023:12:24:11 +0530] "GET /word2/wp-admin/load-scripts.php?c=1&load%5Bchunk_0%5D=jquery-core,jquery-migrate,utils&ver=6.2.2 HTTP/1.1" 200 105106 "http://localhost/word2/wp-admin/edit.php" "Mozilla/5.0 (Windows NT 10.0; Win64; x64) AppleWebKit/537.36 (KHTML, like Gecko) Chrome/115.0.0.0 Safari/537.36"
::1 - - [05/Aug/2023:12:24:10 +0530] "GET /word2/wp-admin/edit.php HTTP/1.1" 200 48926 "http://localhost/word2/wp-admin/" "Mozilla/5.0 (Windows NT 10.0; Win64; x64) AppleWebKit/537.36 (KHTML, like Gecko) Chrome/115.0.0.0 Safari/537.36"
::1 - - [05/Aug/2023:12:24:11 +0530] "GET /word2/wp-admin/load-styles.php?c=1&dir=ltr&load%5Bchunk_0%5D=dashicons,admin-bar,common,forms,admin-menu,dashboard,list-tables,edit,revisions,media,themes,about,nav-menus,wp-pointer,widgets&load%5Bchunk_1%5D=,site-icon,l10n,buttons,wp-auth-check&ver=6.2.2 HTTP/1.1" 200 386936 "http://localhost/word2/wp-admin/edit.php" "Mozilla/5.0 (Windows NT 10.0; Win64; x64) AppleWebKit/537.36 (KHTML, like Gecko) Chrome/115.0.0.0 Safari/537.36"
::1 - - [05/Aug/2023:12:24:11 +0530] "GET /word2/wp-admin/load-scripts.php?c=1&load%5Bchunk_0%5D=hoverIntent,wp-polyfill-inert,regenerator-runtime,wp-polyfill,wp-hooks&ver=6.2.2 HTTP/1.1" 200 39015 "http://localhost/word2/wp-admin/edit.php" "Mozilla/5.0 (Windows NT 10.0; Win64; x64) AppleWebKit/537.36 (KHTML, like Gecko) Chrome/115.0.0.0 Safari/537.36"
::1 - - [05/Aug/2023:12:24:11 +0530] "GET /word2/wp-admin/js/tags-suggest.min.js?ver=6.2.2 HTTP/1.1" 200 2245 "http://localhost/word2/wp-admin/edit.php" "Mozilla/5.0 (Windows NT 10.0; Win64; x64) AppleWebKit/537.36 (KHTML, like Gecko) Chrome/115.0.0.0 Safari/537.36"
::1 - - [05/Aug/2023:12:24:11 +0530] "GET /word2/wp-admin/js/inline-edit-post.min.js?ver=6.2.2 HTTP/1.1" 200 8133 "http://localhost/word2/wp-admin/edit.php" "Mozilla/5.0 (Windows NT 10.0; Win64; x64) AppleWebKit/537.36 (KHTML, like Gecko) Chrome/115.0.0.0 Safari/537.36"
::1 - - [05/Aug/2023:12:24:11 +0530] "POST /word2/wp-admin/admin-ajax.php HTTP/1.1" 200 47 "http://localhost/word2/wp-admin/edit.php" "Mozilla/5.0 (Windows NT 10.0; Win64; x64) AppleWebKit/537.36 (KHTML, like Gecko) Chrome/115.0.0.0 Safari/537.36"
::1 - - [05/Aug/2023:12:24:05 +0530] "GET /word2/wp-admin/admin-ajax.php?action=dashboard-widgets&widget=dashboard_primary&pagenow=dashboard HTTP/1.1" 200 985 "http://localhost/word2/wp-admin/" "Mozilla/5.0 (Windows NT 10.0; Win64; x64) AppleWebKit/537.36 (KHTML, like Gecko) Chrome/115.0.0.0 Safari/537.36"
::1 - - [05/Aug/2023:12:24:16 +0530] "GET /word2/wp-admin/edit.php?post_type=page HTTP/1.1" 200 47847 "http://localhost/word2/wp-admin/edit.php" "Mozilla/5.0 (Windows NT 10.0; Win64; x64) AppleWebKit/537.36 (KHTML, like Gecko) Chrome/115.0.0.0 Safari/537.36"
::1 - - [05/Aug/2023:12:24:17 +0530] "POST /word2/wp-admin/admin-ajax.php HTTP/1.1" 200 47 "http://localhost/word2/wp-admin/edit.php?post_type=page" "Mozilla/5.0 (Windows NT 10.0; Win64; x64) AppleWebKit/537.36 (KHTML, like Gecko) Chrome/115.0.0.0 Safari/537.36"
::1 - - [05/Aug/2023:12:24:31 +0530] "GET /word2/wp-admin/edit.php?s=&post_status=all&post_type=page&_wpnonce=8c22684b8a&_wp_http_referer=%2Fword2%2Fwp-admin%2Fedit.php%3Fpost_type%3Dpage&action=trash&m=0&paged=1&post%5B%5D=3&post%5B%5D=2&action2=trash HTTP/1.1" 302 - "http://localhost/word2/wp-admin/edit.php?post_type=page" "Mozilla/5.0 (Windows NT 10.0; Win64; x64) AppleWebKit/537.36 (KHTML, like Gecko) Chrome/115.0.0.0 Safari/537.36"
::1 - - [05/Aug/2023:12:24:31 +0530] "GET /word2/wp-admin/edit.php?post_type=page&paged=1&trashed=2&ids=3%2C2&locked=0 HTTP/1.1" 200 32171 "http://localhost/word2/wp-admin/edit.php?post_type=page" "Mozilla/5.0 (Windows NT 10.0; Win64; x64) AppleWebKit/537.36 (KHTML, like Gecko) Chrome/115.0.0.0 Safari/537.36"
::1 - - [05/Aug/2023:12:24:32 +0530] "POST /word2/wp-admin/admin-ajax.php HTTP/1.1" 200 47 "http://localhost/word2/wp-admin/edit.php?post_type=page" "Mozilla/5.0 (Windows NT 10.0; Win64; x64) AppleWebKit/537.36 (KHTML, like Gecko) Chrome/115.0.0.0 Safari/537.36"
::1 - - [05/Aug/2023:12:24:32 +0530] "POST /word2/wp-admin/admin-ajax.php HTTP/1.1" 200 47 "http://localhost/word2/wp-admin/edit.php?post_type=page&paged=1" "Mozilla/5.0 (Windows NT 10.0; Win64; x64) AppleWebKit/537.36 (KHTML, like Gecko) Chrome/115.0.0.0 Safari/537.36"
::1 - - [05/Aug/2023:12:24:36 +0530] "GET /word2/wp-admin/plugins.php HTTP/1.1" 200 42124 "http://localhost/word2/wp-admin/edit.php?post_type=page&paged=1" "Mozilla/5.0 (Windows NT 10.0; Win64; x64) AppleWebKit/537.36 (KHTML, like Gecko) Chrome/115.0.0.0 Safari/537.36"
::1 - - [05/Aug/2023:12:24:48 +0530] "POST /word2/wp-admin/admin-ajax.php HTTP/1.1" 200 142 "http://localhost/word2/wp-admin/plugins.php" "Mozilla/5.0 (Windows NT 10.0; Win64; x64) AppleWebKit/537.36 (KHTML, like Gecko) Chrome/115.0.0.0 Safari/537.36"
::1 - - [05/Aug/2023:12:24:49 +0530] "POST /word2/wp-admin/admin-ajax.php HTTP/1.1" 200 112 "http://localhost/word2/wp-admin/plugins.php" "Mozilla/5.0 (Windows NT 10.0; Win64; x64) AppleWebKit/537.36 (KHTML, like Gecko) Chrome/115.0.0.0 Safari/537.36"
127.0.0.1 - - [05/Aug/2023:12:25:38 +0530] "POST /word2/wp-cron.php?doing_wp_cron=1691218538.9766039848327636718750 HTTP/1.1" 200 - "-" "WordPress/6.2.2; http://localhost/word2"
::1 - - [05/Aug/2023:12:25:38 +0530] "POST /word2/wp-admin/admin-ajax.php HTTP/1.1" 200 47 "http://localhost/word2/wp-admin/plugins.php" "Mozilla/5.0 (Windows NT 10.0; Win64; x64) AppleWebKit/537.36 (KHTML, like Gecko) Chrome/115.0.0.0 Safari/537.36"
::1 - - [05/Aug/2023:12:26:09 +0530] "GET /word2/wp-admin/plugins.php HTTP/1.1" 200 34060 "http://localhost/word2/wp-admin/plugins.php" "Mozilla/5.0 (Windows NT 10.0; Win64; x64) AppleWebKit/537.36 (KHTML, like Gecko) Chrome/115.0.0.0 Safari/537.36"
::1 - - [05/Aug/2023:12:26:12 +0530] "GET /word2/wp-admin/themes.php HTTP/1.1" 200 49725 "http://localhost/word2/wp-admin/plugins.php" "Mozilla/5.0 (Windows NT 10.0; Win64; x64) AppleWebKit/537.36 (KHTML, like Gecko) Chrome/115.0.0.0 Safari/537.36"
::1 - - [05/Aug/2023:12:26:13 +0530] "GET /word2/wp-content/themes/twentytwentythree/screenshot.png?ver=1.1 HTTP/1.1" 200 95166 "http://localhost/word2/wp-admin/themes.php" "Mozilla/5.0 (Windows NT 10.0; Win64; x64) AppleWebKit/537.36 (KHTML, like Gecko) Chrome/115.0.0.0 Safari/537.36"
::1 - - [05/Aug/2023:12:26:13 +0530] "GET /word2/wp-content/themes/twentytwentyone/screenshot.png?ver=1.8 HTTP/1.1" 200 282897 "http://localhost/word2/wp-admin/themes.php" "Mozilla/5.0 (Windows NT 10.0; Win64; x64) AppleWebKit/537.36 (KHTML, like Gecko) Chrome/115.0.0.0 Safari/537.36"
::1 - - [05/Aug/2023:12:26:13 +0530] "GET /word2/wp-content/themes/twentytwentytwo/screenshot.png?ver=1.4 HTTP/1.1" 200 162290 "http://localhost/word2/wp-admin/themes.php" "Mozilla/5.0 (Windows NT 10.0; Win64; x64) AppleWebKit/537.36 (KHTML, like Gecko) Chrome/115.0.0.0 Safari/537.36"
::1 - - [05/Aug/2023:12:26:13 +0530] "GET /word2/wp-includes/js/customize-base.min.js?ver=6.2.2 HTTP/1.1" 200 7852 "http://localhost/word2/wp-admin/themes.php" "Mozilla/5.0 (Windows NT 10.0; Win64; x64) AppleWebKit/537.36 (KHTML, like Gecko) Chrome/115.0.0.0 Safari/537.36"
::1 - - [05/Aug/2023:12:26:13 +0530] "GET /word2/wp-includes/js/wp-backbone.min.js?ver=6.2.2 HTTP/1.1" 200 3039 "http://localhost/word2/wp-admin/themes.php" "Mozilla/5.0 (Windows NT 10.0; Win64; x64) AppleWebKit/537.36 (KHTML, like Gecko) Chrome/115.0.0.0 Safari/537.36"
::1 - - [05/Aug/2023:12:26:13 +0530] "GET /word2/wp-includes/js/backbone.min.js?ver=1.4.1 HTTP/1.1" 200 23848 "http://localhost/word2/wp-admin/themes.php" "Mozilla/5.0 (Windows NT 10.0; Win64; x64) AppleWebKit/537.36 (KHTML, like Gecko) Chrome/115.0.0.0 Safari/537.36"
::1 - - [05/Aug/2023:12:26:13 +0530] "GET /word2/wp-admin/js/theme.min.js?ver=6.2.2 HTTP/1.1" 200 27055 "http://localhost/word2/wp-admin/themes.php" "Mozilla/5.0 (Windows NT 10.0; Win64; x64) AppleWebKit/537.36 (KHTML, like Gecko) Chrome/115.0.0.0 Safari/537.36"
::1 - - [05/Aug/2023:12:26:17 +0530] "POST /word2/wp-admin/admin-ajax.php HTTP/1.1" 200 67 "http://localhost/word2/wp-admin/themes.php?theme=twentytwentyone" "Mozilla/5.0 (Windows NT 10.0; Win64; x64) AppleWebKit/537.36 (KHTML, like Gecko) Chrome/115.0.0.0 Safari/537.36"
::1 - - [05/Aug/2023:12:26:22 +0530] "POST /word2/wp-admin/admin-ajax.php HTTP/1.1" 200 67 "http://localhost/word2/wp-admin/themes.php?theme=twentytwentytwo" "Mozilla/5.0 (Windows NT 10.0; Win64; x64) AppleWebKit/537.36 (KHTML, like Gecko) Chrome/115.0.0.0 Safari/537.36"
::1 - - [05/Aug/2023:12:26:45 +0530] "GET /word2/wp-admin/theme-install.php HTTP/1.1" 200 43490 "http://localhost/word2/wp-admin/themes.php" "Mozilla/5.0 (Windows NT 10.0; Win64; x64) AppleWebKit/537.36 (KHTML, like Gecko) Chrome/115.0.0.0 Safari/537.36"
::1 - - [05/Aug/2023:12:26:48 +0530] "POST /word2/wp-admin/admin-ajax.php HTTP/1.1" 200 214054 "http://localhost/word2/wp-admin/theme-install.php?browse=popular" "Mozilla/5.0 (Windows NT 10.0; Win64; x64) AppleWebKit/537.36 (KHTML, like Gecko) Chrome/115.0.0.0 Safari/537.36"
::1 - - [05/Aug/2023:12:26:53 +0530] "POST /word2/wp-admin/admin-ajax.php HTTP/1.1" 200 54158 "http://localhost/word2/wp-admin/theme-install.php?search=ast" "Mozilla/5.0 (Windows NT 10.0; Win64; x64) AppleWebKit/537.36 (KHTML, like Gecko) Chrome/115.0.0.0 Safari/537.36"
::1 - - [05/Aug/2023:12:26:52 +0530] "POST /word2/wp-admin/admin-ajax.php HTTP/1.1" 200 234052 "http://localhost/word2/wp-admin/theme-install.php?browse=popular" "Mozilla/5.0 (Windows NT 10.0; Win64; x64) AppleWebKit/537.36 (KHTML, like Gecko) Chrome/115.0.0.0 Safari/537.36"
::1 - - [05/Aug/2023:12:27:57 +0530] "POST /word2/wp-admin/admin-ajax.php HTTP/1.1" 200 47 "http://localhost/word2/wp-admin/theme-install.php?browse=popular" "Mozilla/5.0 (Windows NT 10.0; Win64; x64) AppleWebKit/537.36 (KHTML, like Gecko) Chrome/115.0.0.0 Safari/537.36"
::1 - - [05/Aug/2023:12:27:38 +0530] "POST /word2/wp-admin/admin-ajax.php HTTP/1.1" 200 341 "http://localhost/word2/wp-admin/theme-install.php?browse=popular" "Mozilla/5.0 (Windows NT 10.0; Win64; x64) AppleWebKit/537.36 (KHTML, like Gecko) Chrome/115.0.0.0 Safari/537.36"
::1 - - [05/Aug/2023:12:28:17 +0530] "GET /word2/wp-admin/themes.php?action=activate&_wpnonce=5cb27e027f&stylesheet=astra HTTP/1.1" 302 - "http://localhost/word2/wp-admin/theme-install.php?browse=popular" "Mozilla/5.0 (Windows NT 10.0; Win64; x64) AppleWebKit/537.36 (KHTML, like Gecko) Chrome/115.0.0.0 Safari/537.36"
::1 - - [05/Aug/2023:12:28:20 +0530] "GET /word2/wp-admin/themes.php?activated=true HTTP/1.1" 200 52569 "http://localhost/word2/wp-admin/theme-install.php?browse=popular" "Mozilla/5.0 (Windows NT 10.0; Win64; x64) AppleWebKit/537.36 (KHTML, like Gecko) Chrome/115.0.0.0 Safari/537.36"
::1 - - [05/Aug/2023:12:28:22 +0530] "GET /word2/wp-content/themes/astra/inc/assets/images/astra-logo.svg HTTP/1.1" 200 949 "http://localhost/word2/wp-admin/themes.php?activated=true" "Mozilla/5.0 (Windows NT 10.0; Win64; x64) AppleWebKit/537.36 (KHTML, like Gecko) Chrome/115.0.0.0 Safari/537.36"
::1 - - [05/Aug/2023:12:28:22 +0530] "GET /word2/wp-content/themes/astra/inc/lib/astra-notices/notices.css?ver=1.1.11 HTTP/1.1" 200 721 "http://localhost/word2/wp-admin/themes.php?activated=true" "Mozilla/5.0 (Windows NT 10.0; Win64; x64) AppleWebKit/537.36 (KHTML, like Gecko) Chrome/115.0.0.0 Safari/537.36"
::1 - - [05/Aug/2023:12:28:22 +0530] "GET /word2/wp-content/themes/astra/inc/assets/css/astra-notices.css?ver=4.1.6 HTTP/1.1" 200 2027 "http://localhost/word2/wp-admin/themes.php?activated=true" "Mozilla/5.0 (Windows NT 10.0; Win64; x64) AppleWebKit/537.36 (KHTML, like Gecko) Chrome/115.0.0.0 Safari/537.36"
::1 - - [05/Aug/2023:12:28:22 +0530] "GET /word2/wp-content/themes/astra/inc/lib/astra-notices/notices.js?ver=1.1.11 HTTP/1.1" 200 2159 "http://localhost/word2/wp-admin/themes.php?activated=true" "Mozilla/5.0 (Windows NT 10.0; Win64; x64) AppleWebKit/537.36 (KHTML, like Gecko) Chrome/115.0.0.0 Safari/537.36"
::1 - - [05/Aug/2023:12:28:22 +0530] "GET /word2/wp-content/themes/astra/inc/assets/js/astra-admin-menu-settings.js?ver=4.1.6 HTTP/1.1" 200 5081 "http://localhost/word2/wp-admin/themes.php?activated=true" "Mozilla/5.0 (Windows NT 10.0; Win64; x64) AppleWebKit/537.36 (KHTML, like Gecko) Chrome/115.0.0.0 Safari/537.36"
::1 - - [05/Aug/2023:12:28:22 +0530] "GET /word2/wp-content/themes/astra/screenshot.jpg?ver=4.1.6 HTTP/1.1" 200 366434 "http://localhost/word2/wp-admin/themes.php?activated=true" "Mozilla/5.0 (Windows NT 10.0; Win64; x64) AppleWebKit/537.36 (KHTML, like Gecko) Chrome/115.0.0.0 Safari/537.36"
127.0.0.1 - - [05/Aug/2023:12:28:20 +0530] "POST /word2/wp-cron.php?doing_wp_cron=1691218700.8382170200347900390625 HTTP/1.1" 200 - "-" "WordPress/6.2.2; http://localhost/word2"
127.0.0.1 - - [05/Aug/2023:12:28:50 +0530] "POST /word2/wp-cron.php?doing_wp_cron=1691218730.1685039997100830078125 HTTP/1.1" 200 - "-" "WordPress/6.2.2; http://localhost/word2"
::1 - - [05/Aug/2023:12:28:49 +0530] "POST /word2/wp-admin/admin-ajax.php HTTP/1.1" 200 294 "http://localhost/word2/wp-admin/themes.php" "Mozilla/5.0 (Windows NT 10.0; Win64; x64) AppleWebKit/537.36 (KHTML, like Gecko) Chrome/115.0.0.0 Safari/537.36"
::1 - - [05/Aug/2023:12:29:09 +0530] "POST /word2/wp-admin/admin-ajax.php HTTP/1.1" 200 82 "http://localhost/word2/wp-admin/themes.php" "Mozilla/5.0 (Windows NT 10.0; Win64; x64) AppleWebKit/537.36 (KHTML, like Gecko) Chrome/115.0.0.0 Safari/537.36"
::1 - - [05/Aug/2023:12:29:10 +0530] "GET /word2/wp-admin/themes.php?page=starter-templates&ast-disable-activation-notice HTTP/1.1" 302 684 "http://localhost/word2/wp-admin/themes.php" "Mozilla/5.0 (Windows NT 10.0; Win64; x64) AppleWebKit/537.36 (KHTML, like Gecko) Chrome/115.0.0.0 Safari/537.36"
127.0.0.1 - - [05/Aug/2023:12:29:13 +0530] "POST /word2/wp-cron.php?doing_wp_cron=1691218753.5649569034576416015625 HTTP/1.1" 200 - "-" "WordPress/6.2.2; http://localhost/word2"
::1 - - [05/Aug/2023:12:29:15 +0530] "GET /word2/wp-includes/css/admin-bar.min.css?ver=6.2.2 HTTP/1.1" 200 20319 "http://localhost/word2/word2/wp-admin/themes.php?page=starter-templates" "Mozilla/5.0 (Windows NT 10.0; Win64; x64) AppleWebKit/537.36 (KHTML, like Gecko) Chrome/115.0.0.0 Safari/537.36"
::1 - - [05/Aug/2023:12:29:15 +0530] "GET /word2/wp-content/themes/astra/assets/css/minified/main.min.css?ver=4.1.6 HTTP/1.1" 200 41482 "http://localhost/word2/word2/wp-admin/themes.php?page=starter-templates" "Mozilla/5.0 (Windows NT 10.0; Win64; x64) AppleWebKit/537.36 (KHTML, like Gecko) Chrome/115.0.0.0 Safari/537.36"
::1 - - [05/Aug/2023:12:29:15 +0530] "GET /word2/wp-includes/css/dist/block-library/style.min.css?ver=6.2.2 HTTP/1.1" 200 97517 "http://localhost/word2/word2/wp-admin/themes.php?page=starter-templates" "Mozilla/5.0 (Windows NT 10.0; Win64; x64) AppleWebKit/537.36 (KHTML, like Gecko) Chrome/115.0.0.0 Safari/537.36"
::1 - - [05/Aug/2023:12:29:13 +0530] "GET /word2/word2/wp-admin/themes.php?page=starter-templates HTTP/1.1" 404 95095 "http://localhost/word2/wp-admin/themes.php" "Mozilla/5.0 (Windows NT 10.0; Win64; x64) AppleWebKit/537.36 (KHTML, like Gecko) Chrome/115.0.0.0 Safari/537.36"
::1 - - [05/Aug/2023:12:29:15 +0530] "GET /word2/wp-content/themes/astra/assets/js/minified/frontend.min.js?ver=4.1.6 HTTP/1.1" 200 20609 "http://localhost/word2/word2/wp-admin/themes.php?page=starter-templates" "Mozilla/5.0 (Windows NT 10.0; Win64; x64) AppleWebKit/537.36 (KHTML, like Gecko) Chrome/115.0.0.0 Safari/537.36"
::1 - - [05/Aug/2023:12:29:10 +0530] "POST /word2/wp-admin/admin-ajax.php HTTP/1.1" 200 16 "http://localhost/word2/wp-admin/themes.php" "Mozilla/5.0 (Windows NT 10.0; Win64; x64) AppleWebKit/537.36 (KHTML, like Gecko) Chrome/115.0.0.0 Safari/537.36"
127.0.0.1 - - [05/Aug/2023:12:29:16 +0530] "POST /word2/wp-admin/admin-ajax.php?action=wp_astra_site_importer&nonce=38ddb60b50 HTTP/1.1" 200 - "-" "WordPress/6.2.2; http://localhost/word2"
127.0.0.1 - - [05/Aug/2023:12:29:17 +0530] "POST /word2/wp-cron.php?doing_wp_cron=1691218757.7872419357299804687500 HTTP/1.1" 500 2565 "-" "WordPress/6.2.2; http://localhost/word2"
::1 - - [05/Aug/2023:12:29:55 +0530] "GET /word2/wp-admin/theme-install.php HTTP/1.1" 200 51441 "http://localhost/word2/wp-admin/themes.php" "Mozilla/5.0 (Windows NT 10.0; Win64; x64) AppleWebKit/537.36 (KHTML, like Gecko) Chrome/115.0.0.0 Safari/537.36"
::1 - - [05/Aug/2023:12:29:57 +0530] "GET /word2/wp-content/plugins/astra-sites/inc/assets/css/import-status.css?ver=3.3.0 HTTP/1.1" 200 2312 "http://localhost/word2/wp-admin/theme-install.php" "Mozilla/5.0 (Windows NT 10.0; Win64; x64) AppleWebKit/537.36 (KHTML, like Gecko) Chrome/115.0.0.0 Safari/537.36"
::1 - - [05/Aug/2023:12:29:57 +0530] "GET /word2/wp-content/plugins/astra-sites/inc/assets/js/install-theme.js?ver=3.3.0 HTTP/1.1" 200 2755 "http://localhost/word2/wp-admin/theme-install.php" "Mozilla/5.0 (Windows NT 10.0; Win64; x64) AppleWebKit/537.36 (KHTML, like Gecko) Chrome/115.0.0.0 Safari/537.36"
127.0.0.1 - - [05/Aug/2023:12:29:38 +0530] "POST /word2/wp-admin/admin-ajax.php?action=wp_astra_site_importer&nonce=0dc9ba4626 HTTP/1.1" 200 - "-" "WordPress/6.2.2; http://localhost/word2"
::1 - - [05/Aug/2023:12:29:57 +0530] "POST /word2/wp-admin/admin-ajax.php HTTP/1.1" 200 214054 "http://localhost/word2/wp-admin/theme-install.php?browse=popular" "Mozilla/5.0 (Windows NT 10.0; Win64; x64) AppleWebKit/537.36 (KHTML, like Gecko) Chrome/115.0.0.0 Safari/537.36"
127.0.0.1 - - [05/Aug/2023:12:29:59 +0530] "POST /word2/wp-admin/admin-ajax.php?action=wp_astra_site_importer&nonce=0dc9ba4626 HTTP/1.1" 200 - "-" "WordPress/6.2.2; http://localhost/word2"
::1 - - [05/Aug/2023:12:30:01 +0530] "POST /word2/wp-admin/admin-ajax.php HTTP/1.1" 200 54158 "http://localhost/word2/wp-admin/theme-install.php?browse=popular" "Mozilla/5.0 (Windows NT 10.0; Win64; x64) AppleWebKit/537.36 (KHTML, like Gecko) Chrome/115.0.0.0 Safari/537.36"
::1 - - [05/Aug/2023:12:30:13 +0530] "GET /word2/wp-admin/images/arrows-2x.png HTTP/1.1" 200 863 "http://localhost/word2/wp-admin/load-styles.php?c=1&dir=ltr&load%5Bchunk_0%5D=dashicons,admin-bar,common,forms,admin-menu,dashboard,list-tables,edit,revisions,media,themes,about,nav-menus,wp-pointer,widgets&load%5Bchunk_1%5D=,site-icon,l10n,buttons,wp-auth-check&ver=6.2.2" "Mozilla/5.0 (Windows NT 10.0; Win64; x64) AppleWebKit/537.36 (KHTML, like Gecko) Chrome/115.0.0.0 Safari/537.36"
::1 - - [05/Aug/2023:12:30:51 +0530] "GET /word2/wp-content/plugins/astra-sites/inc/assets/css/import-status.css?ver=3.3.0 HTTP/1.1" 304 - "http://localhost/word2/wp-admin/themes.php" "Mozilla/5.0 (Windows NT 10.0; Win64; x64) AppleWebKit/537.36 (KHTML, like Gecko) Chrome/115.0.0.0 Safari/537.36"
::1 - - [05/Aug/2023:12:30:50 +0530] "GET /word2/wp-admin/themes.php HTTP/1.1" 200 55229 "http://localhost/word2/wp-admin/theme-install.php?search=astra" "Mozilla/5.0 (Windows NT 10.0; Win64; x64) AppleWebKit/537.36 (KHTML, like Gecko) Chrome/115.0.0.0 Safari/537.36"
::1 - - [05/Aug/2023:12:30:51 +0530] "GET /word2/wp-content/themes/astra/screenshot.jpg?ver=4.1.6 HTTP/1.1" 304 - "http://localhost/word2/wp-admin/themes.php" "Mozilla/5.0 (Windows NT 10.0; Win64; x64) AppleWebKit/537.36 (KHTML, like Gecko) Chrome/115.0.0.0 Safari/537.36"
::1 - - [05/Aug/2023:12:30:51 +0530] "GET /word2/wp-content/plugins/astra-sites/inc/assets/js/install-theme.js?ver=3.3.0 HTTP/1.1" 304 - "http://localhost/word2/wp-admin/themes.php" "Mozilla/5.0 (Windows NT 10.0; Win64; x64) AppleWebKit/537.36 (KHTML, like Gecko) Chrome/115.0.0.0 Safari/537.36"
::1 - - [05/Aug/2023:12:31:06 +0530] "GET /word2/wp-content/plugins/astra-sites/inc/lib/onboarding/assets/dist/style-main.css?ver=a8b6c738bf9f14b7254f HTTP/1.1" 200 42037 "http://localhost/word2/wp-admin/themes.php?page=starter-templates" "Mozilla/5.0 (Windows NT 10.0; Win64; x64) AppleWebKit/537.36 (KHTML, like Gecko) Chrome/115.0.0.0 Safari/537.36"
::1 - - [05/Aug/2023:12:31:06 +0530] "GET /word2/wp-content/plugins/astra-sites/assets/css/admin.css?ver=1 HTTP/1.1" 200 1408 "http://localhost/word2/wp-admin/themes.php?page=starter-templates" "Mozilla/5.0 (Windows NT 10.0; Win64; x64) AppleWebKit/537.36 (KHTML, like Gecko) Chrome/115.0.0.0 Safari/537.36"
::1 - - [05/Aug/2023:12:31:06 +0530] "GET /word2/wp-content/plugins/astra-sites/inc/assets/css/admin.css?ver=1 HTTP/1.1" 200 63720 "http://localhost/word2/wp-admin/themes.php?page=starter-templates" "Mozilla/5.0 (Windows NT 10.0; Win64; x64) AppleWebKit/537.36 (KHTML, like Gecko) Chrome/115.0.0.0 Safari/537.36"
::1 - - [05/Aug/2023:12:31:06 +0530] "GET /word2/wp-content/plugins/astra-sites/inc/assets/css/import-status.css?ver=3.3.0 HTTP/1.1" 304 - "http://localhost/word2/wp-admin/themes.php?page=starter-templates" "Mozilla/5.0 (Windows NT 10.0; Win64; x64) AppleWebKit/537.36 (KHTML, like Gecko) Chrome/115.0.0.0 Safari/537.36"
::1 - - [05/Aug/2023:12:31:06 +0530] "GET /word2/wp-includes/js/imgareaselect/imgareaselect.css?ver=0.9.8 HTTP/1.1" 200 790 "http://localhost/word2/wp-admin/themes.php?page=starter-templates" "Mozilla/5.0 (Windows NT 10.0; Win64; x64) AppleWebKit/537.36 (KHTML, like Gecko) Chrome/115.0.0.0 Safari/537.36"
::1 - - [05/Aug/2023:12:31:06 +0530] "GET /word2/wp-includes/js/mediaelement/wp-mediaelement.min.css?ver=6.2.2 HTTP/1.1" 200 4186 "http://localhost/word2/wp-admin/themes.php?page=starter-templates" "Mozilla/5.0 (Windows NT 10.0; Win64; x64) AppleWebKit/537.36 (KHTML, like Gecko) Chrome/115.0.0.0 Safari/537.36"
::1 - - [05/Aug/2023:12:31:04 +0530] "GET /word2/wp-admin/themes.php?page=starter-templates HTTP/1.1" 200 3424266 "http://localhost/word2/wp-admin/themes.php?theme=astra" "Mozilla/5.0 (Windows NT 10.0; Win64; x64) AppleWebKit/537.36 (KHTML, like Gecko) Chrome/115.0.0.0 Safari/537.36"
::1 - - [05/Aug/2023:12:31:06 +0530] "GET /word2/wp-includes/js/mediaelement/mediaelementplayer-legacy.min.css?ver=4.2.17 HTTP/1.1" 200 11256 "http://localhost/word2/wp-admin/themes.php?page=starter-templates" "Mozilla/5.0 (Windows NT 10.0; Win64; x64) AppleWebKit/537.36 (KHTML, like Gecko) Chrome/115.0.0.0 Safari/537.36"
::1 - - [05/Aug/2023:12:31:06 +0530] "GET /word2/wp-admin/load-styles.php?c=1&dir=ltr&load%5Bchunk_0%5D=dashicons,admin-bar,common,forms,admin-menu,dashboard,list-tables,edit,revisions,media,themes,about,nav-menus,wp-pointer,widgets&load%5Bchunk_1%5D=,site-icon,l10n,buttons,wp-auth-check,media-views&ver=6.2.2 HTTP/1.1" 200 433700 "http://localhost/word2/wp-admin/themes.php?page=starter-templates" "Mozilla/5.0 (Windows NT 10.0; Win64; x64) AppleWebKit/537.36 (KHTML, like Gecko) Chrome/115.0.0.0 Safari/537.36"
::1 - - [05/Aug/2023:12:31:07 +0530] "GET /word2/wp-includes/js/media-models.min.js?ver=6.2.2 HTTP/1.1" 200 13394 "http://localhost/word2/wp-admin/themes.php?page=starter-templates" "Mozilla/5.0 (Windows NT 10.0; Win64; x64) AppleWebKit/537.36 (KHTML, like Gecko) Chrome/115.0.0.0 Safari/537.36"
::1 - - [05/Aug/2023:12:31:07 +0530] "GET /word2/wp-includes/js/plupload/wp-plupload.min.js?ver=6.2.2 HTTP/1.1" 200 5903 "http://localhost/word2/wp-admin/themes.php?page=starter-templates" "Mozilla/5.0 (Windows NT 10.0; Win64; x64) AppleWebKit/537.36 (KHTML, like Gecko) Chrome/115.0.0.0 Safari/537.36"
::1 - - [05/Aug/2023:12:31:07 +0530] "GET /word2/wp-includes/js/mediaelement/wp-mediaelement.min.js?ver=6.2.2 HTTP/1.1" 200 1107 "http://localhost/word2/wp-admin/themes.php?page=starter-templates" "Mozilla/5.0 (Windows NT 10.0; Win64; x64) AppleWebKit/537.36 (KHTML, like Gecko) Chrome/115.0.0.0 Safari/537.36"
::1 - - [05/Aug/2023:12:31:07 +0530] "GET /word2/wp-includes/js/mediaelement/mediaelement-and-player.min.js?ver=4.2.17 HTTP/1.1" 200 158005 "http://localhost/word2/wp-admin/themes.php?page=starter-templates" "Mozilla/5.0 (Windows NT 10.0; Win64; x64) AppleWebKit/537.36 (KHTML, like Gecko) Chrome/115.0.0.0 Safari/537.36"
::1 - - [05/Aug/2023:12:31:07 +0530] "GET /word2/wp-includes/js/media-views.min.js?ver=6.2.2 HTTP/1.1" 200 110278 "http://localhost/word2/wp-admin/themes.php?page=starter-templates" "Mozilla/5.0 (Windows NT 10.0; Win64; x64) AppleWebKit/537.36 (KHTML, like Gecko) Chrome/115.0.0.0 Safari/537.36"
::1 - - [05/Aug/2023:12:31:07 +0530] "GET /word2/wp-includes/js/mediaelement/mediaelement-migrate.min.js?ver=6.2.2 HTTP/1.1" 200 1191 "http://localhost/word2/wp-admin/themes.php?page=starter-templates" "Mozilla/5.0 (Windows NT 10.0; Win64; x64) AppleWebKit/537.36 (KHTML, like Gecko) Chrome/115.0.0.0 Safari/537.36"
::1 - - [05/Aug/2023:12:31:07 +0530] "GET /word2/wp-includes/js/media-editor.min.js?ver=6.2.2 HTTP/1.1" 200 10885 "http://localhost/word2/wp-admin/themes.php?page=starter-templates" "Mozilla/5.0 (Windows NT 10.0; Win64; x64) AppleWebKit/537.36 (KHTML, like Gecko) Chrome/115.0.0.0 Safari/537.36"
::1 - - [05/Aug/2023:12:31:07 +0530] "GET /word2/wp-includes/js/media-audiovideo.min.js?ver=6.2.2 HTTP/1.1" 200 12139 "http://localhost/word2/wp-admin/themes.php?page=starter-templates" "Mozilla/5.0 (Windows NT 10.0; Win64; x64) AppleWebKit/537.36 (KHTML, like Gecko) Chrome/115.0.0.0 Safari/537.36"
::1 - - [05/Aug/2023:12:31:07 +0530] "GET /word2/wp-includes/js/mce-view.min.js?ver=6.2.2 HTTP/1.1" 200 9883 "http://localhost/word2/wp-admin/themes.php?page=starter-templates" "Mozilla/5.0 (Windows NT 10.0; Win64; x64) AppleWebKit/537.36 (KHTML, like Gecko) Chrome/115.0.0.0 Safari/537.36"
::1 - - [05/Aug/2023:12:31:07 +0530] "GET /word2/wp-admin/load-scripts.php?c=1&load%5Bchunk_0%5D=jquery-core,jquery-migrate,utils,moxiejs,plupload&ver=6.2.2 HTTP/1.1" 200 208107 "http://localhost/word2/wp-admin/themes.php?page=starter-templates" "Mozilla/5.0 (Windows NT 10.0; Win64; x64) AppleWebKit/537.36 (KHTML, like Gecko) Chrome/115.0.0.0 Safari/537.36"
::1 - - [05/Aug/2023:12:31:07 +0530] "GET /word2/wp-admin/js/image-edit.min.js?ver=6.2.2 HTTP/1.1" 200 11242 "http://localhost/word2/wp-admin/themes.php?page=starter-templates" "Mozilla/5.0 (Windows NT 10.0; Win64; x64) AppleWebKit/537.36 (KHTML, like Gecko) Chrome/115.0.0.0 Safari/537.36"
::1 - - [05/Aug/2023:12:31:07 +0530] "GET /word2/wp-includes/js/dist/vendor/react.min.js?ver=18.2.0 HTTP/1.1" 200 10609 "http://localhost/word2/wp-admin/themes.php?page=starter-templates" "Mozilla/5.0 (Windows NT 10.0; Win64; x64) AppleWebKit/537.36 (KHTML, like Gecko) Chrome/115.0.0.0 Safari/537.36"
::1 - - [05/Aug/2023:12:31:07 +0530] "GET /word2/wp-includes/js/dist/api-fetch.min.js?ver=bc0029ca2c943aec5311 HTTP/1.1" 200 5325 "http://localhost/word2/wp-admin/themes.php?page=starter-templates" "Mozilla/5.0 (Windows NT 10.0; Win64; x64) AppleWebKit/537.36 (KHTML, like Gecko) Chrome/115.0.0.0 Safari/537.36"
::1 - - [05/Aug/2023:12:31:07 +0530] "GET /word2/wp-includes/js/dist/vendor/react-dom.min.js?ver=18.2.0 HTTP/1.1" 200 129393 "http://localhost/word2/wp-admin/themes.php?page=starter-templates" "Mozilla/5.0 (Windows NT 10.0; Win64; x64) AppleWebKit/537.36 (KHTML, like Gecko) Chrome/115.0.0.0 Safari/537.36"
::1 - - [05/Aug/2023:12:31:07 +0530] "GET /word2/wp-includes/js/imgareaselect/jquery.imgareaselect.min.js?ver=6.2.2 HTTP/1.1" 200 9768 "http://localhost/word2/wp-admin/themes.php?page=starter-templates" "Mozilla/5.0 (Windows NT 10.0; Win64; x64) AppleWebKit/537.36 (KHTML, like Gecko) Chrome/115.0.0.0 Safari/537.36"
::1 - - [05/Aug/2023:12:31:07 +0530] "GET /word2/wp-includes/js/dist/is-shallow-equal.min.js?ver=20c2b06ecf04afb14fee HTTP/1.1" 200 1097 "http://localhost/word2/wp-admin/themes.php?page=starter-templates" "Mozilla/5.0 (Windows NT 10.0; Win64; x64) AppleWebKit/537.36 (KHTML, like Gecko) Chrome/115.0.0.0 Safari/537.36"
::1 - - [05/Aug/2023:12:31:07 +0530] "GET /word2/wp-includes/js/dist/dom.min.js?ver=e03c89e1dd68aee1cb3a HTTP/1.1" 200 13120 "http://localhost/word2/wp-admin/themes.php?page=starter-templates" "Mozilla/5.0 (Windows NT 10.0; Win64; x64) AppleWebKit/537.36 (KHTML, like Gecko) Chrome/115.0.0.0 Safari/537.36"
::1 - - [05/Aug/2023:12:31:07 +0530] "GET /word2/wp-includes/js/dist/keycodes.min.js?ver=184b321fa2d3bc7fd173 HTTP/1.1" 200 4405 "http://localhost/word2/wp-admin/themes.php?page=starter-templates" "Mozilla/5.0 (Windows NT 10.0; Win64; x64) AppleWebKit/537.36 (KHTML, like Gecko) Chrome/115.0.0.0 Safari/537.36"
::1 - - [05/Aug/2023:12:31:07 +0530] "GET /word2/wp-includes/js/dist/escape-html.min.js?ver=03e27a7b6ae14f7afaa6 HTTP/1.1" 200 1139 "http://localhost/word2/wp-admin/themes.php?page=starter-templates" "Mozilla/5.0 (Windows NT 10.0; Win64; x64) AppleWebKit/537.36 (KHTML, like Gecko) Chrome/115.0.0.0 Safari/537.36"
::1 - - [05/Aug/2023:12:31:07 +0530] "GET /word2/wp-includes/js/dist/element.min.js?ver=b3bda690cfc516378771 HTTP/1.1" 200 12932 "http://localhost/word2/wp-admin/themes.php?page=starter-templates" "Mozilla/5.0 (Windows NT 10.0; Win64; x64) AppleWebKit/537.36 (KHTML, like Gecko) Chrome/115.0.0.0 Safari/537.36"
::1 - - [05/Aug/2023:12:31:07 +0530] "GET /word2/wp-includes/js/dist/priority-queue.min.js?ver=422e19e9d48b269c5219 HTTP/1.1" 200 3442 "http://localhost/word2/wp-admin/themes.php?page=starter-templates" "Mozilla/5.0 (Windows NT 10.0; Win64; x64) AppleWebKit/537.36 (KHTML, like Gecko) Chrome/115.0.0.0 Safari/537.36"
::1 - - [05/Aug/2023:12:31:07 +0530] "GET /word2/wp-includes/js/dist/html-entities.min.js?ver=36a4a255da7dd2e1bf8e HTTP/1.1" 200 837 "http://localhost/word2/wp-admin/themes.php?page=starter-templates" "Mozilla/5.0 (Windows NT 10.0; Win64; x64) AppleWebKit/537.36 (KHTML, like Gecko) Chrome/115.0.0.0 Safari/537.36"
::1 - - [05/Aug/2023:12:31:07 +0530] "GET /word2/wp-includes/js/dist/compose.min.js?ver=7d5916e3b2ef0ea01400 HTTP/1.1" 200 37078 "http://localhost/word2/wp-admin/themes.php?page=starter-templates" "Mozilla/5.0 (Windows NT 10.0; Win64; x64) AppleWebKit/537.36 (KHTML, like Gecko) Chrome/115.0.0.0 Safari/537.36"
::1 - - [05/Aug/2023:12:31:07 +0530] "GET /word2/wp-includes/js/dist/redux-routine.min.js?ver=d86e7e9f062d7582f76b HTTP/1.1" 200 9244 "http://localhost/word2/wp-admin/themes.php?page=starter-templates" "Mozilla/5.0 (Windows NT 10.0; Win64; x64) AppleWebKit/537.36 (KHTML, like Gecko) Chrome/115.0.0.0 Safari/537.36"
::1 - - [05/Aug/2023:12:31:07 +0530] "GET /word2/wp-includes/js/dist/vendor/lodash.min.js?ver=4.17.19 HTTP/1.1" 200 71098 "http://localhost/word2/wp-admin/themes.php?page=starter-templates" "Mozilla/5.0 (Windows NT 10.0; Win64; x64) AppleWebKit/537.36 (KHTML, like Gecko) Chrome/115.0.0.0 Safari/537.36"
::1 - - [05/Aug/2023:12:31:07 +0530] "GET /word2/wp-includes/js/dist/primitives.min.js?ver=dfac1545e52734396640 HTTP/1.1" 200 2469 "http://localhost/word2/wp-admin/themes.php?page=starter-templates" "Mozilla/5.0 (Windows NT 10.0; Win64; x64) AppleWebKit/537.36 (KHTML, like Gecko) Chrome/115.0.0.0 Safari/537.36"
::1 - - [05/Aug/2023:12:31:07 +0530] "GET /word2/wp-includes/js/dist/data.min.js?ver=90cebfec01d1a3f0368e HTTP/1.1" 200 26115 "http://localhost/word2/wp-admin/themes.php?page=starter-templates" "Mozilla/5.0 (Windows NT 10.0; Win64; x64) AppleWebKit/537.36 (KHTML, like Gecko) Chrome/115.0.0.0 Safari/537.36"
::1 - - [05/Aug/2023:12:31:07 +0530] "GET /word2/wp-includes/js/dist/private-apis.min.js?ver=6f247ed2bc3571743bba HTTP/1.1" 200 2620 "http://localhost/word2/wp-admin/themes.php?page=starter-templates" "Mozilla/5.0 (Windows NT 10.0; Win64; x64) AppleWebKit/537.36 (KHTML, like Gecko) Chrome/115.0.0.0 Safari/537.36"
::1 - - [05/Aug/2023:12:31:07 +0530] "GET /word2/wp-includes/js/dist/rich-text.min.js?ver=9307ec04c67d79b6e813 HTTP/1.1" 200 33829 "http://localhost/word2/wp-admin/themes.php?page=starter-templates" "Mozilla/5.0 (Windows NT 10.0; Win64; x64) AppleWebKit/537.36 (KHTML, like Gecko) Chrome/115.0.0.0 Safari/537.36"
::1 - - [05/Aug/2023:12:31:07 +0530] "GET /word2/wp-content/plugins/astra-sites/inc/lib/onboarding/assets/dist/main.js?ver=a8b6c738bf9f14b7254f HTTP/1.1" 200 728944 "http://localhost/word2/wp-admin/themes.php?page=starter-templates" "Mozilla/5.0 (Windows NT 10.0; Win64; x64) AppleWebKit/537.36 (KHTML, like Gecko) Chrome/115.0.0.0 Safari/537.36"
::1 - - [05/Aug/2023:12:31:07 +0530] "GET /word2/wp-includes/js/dist/blob.min.js?ver=e7b4ea96175a89b263e2 HTTP/1.1" 200 954 "http://localhost/word2/wp-admin/themes.php?page=starter-templates" "Mozilla/5.0 (Windows NT 10.0; Win64; x64) AppleWebKit/537.36 (KHTML, like Gecko) Chrome/115.0.0.0 Safari/537.36"
::1 - - [05/Aug/2023:12:31:07 +0530] "GET /word2/wp-includes/js/dist/media-utils.min.js?ver=f837b6298c83612cd6f6 HTTP/1.1" 200 7604 "http://localhost/word2/wp-admin/themes.php?page=starter-templates" "Mozilla/5.0 (Windows NT 10.0; Win64; x64) AppleWebKit/537.36 (KHTML, like Gecko) Chrome/115.0.0.0 Safari/537.36"
::1 - - [05/Aug/2023:12:31:07 +0530] "GET /word2/wp-content/plugins/astra-sites/inc/assets/js/install-theme.js?ver=3.3.0 HTTP/1.1" 304 - "http://localhost/word2/wp-admin/themes.php?page=starter-templates" "Mozilla/5.0 (Windows NT 10.0; Win64; x64) AppleWebKit/537.36 (KHTML, like Gecko) Chrome/115.0.0.0 Safari/537.36"
::1 - - [05/Aug/2023:12:31:07 +0530] "GET /word2/wp-includes/js/dist/warning.min.js?ver=4acee5fc2fd9a24cefc2 HTTP/1.1" 200 392 "http://localhost/word2/wp-admin/themes.php?page=starter-templates" "Mozilla/5.0 (Windows NT 10.0; Win64; x64) AppleWebKit/537.36 (KHTML, like Gecko) Chrome/115.0.0.0 Safari/537.36"
::1 - - [05/Aug/2023:12:31:07 +0530] "GET /word2/wp-includes/js/dist/components.min.js?ver=bf6e0ec3089253604b52 HTTP/1.1" 200 658759 "http://localhost/word2/wp-admin/themes.php?page=starter-templates" "Mozilla/5.0 (Windows NT 10.0; Win64; x64) AppleWebKit/537.36 (KHTML, like Gecko) Chrome/115.0.0.0 Safari/537.36"
::1 - - [05/Aug/2023:12:31:08 +0530] "GET /word2/wp-content/plugins/astra-sites/inc/lib/onboarding/assets/images/logo.svg HTTP/1.1" 200 2605 "http://localhost/word2/wp-admin/themes.php?page=starter-templates" "Mozilla/5.0 (Windows NT 10.0; Win64; x64) AppleWebKit/537.36 (KHTML, like Gecko) Chrome/115.0.0.0 Safari/537.36"
::1 - - [05/Aug/2023:12:31:08 +0530] "GET /word2/wp-content/plugins/astra-sites/inc/lib/onboarding/assets/images/block-editor.svg HTTP/1.1" 200 2929 "http://localhost/word2/wp-admin/themes.php?page=starter-templates" "Mozilla/5.0 (Windows NT 10.0; Win64; x64) AppleWebKit/537.36 (KHTML, like Gecko) Chrome/115.0.0.0 Safari/537.36"
::1 - - [05/Aug/2023:12:31:08 +0530] "GET /word2/wp-content/plugins/astra-sites/inc/lib/onboarding/assets/images/elementor.svg HTTP/1.1" 200 503 "http://localhost/word2/wp-admin/themes.php?page=starter-templates" "Mozilla/5.0 (Windows NT 10.0; Win64; x64) AppleWebKit/537.36 (KHTML, like Gecko) Chrome/115.0.0.0 Safari/537.36"
::1 - - [05/Aug/2023:12:31:08 +0530] "GET /word2/wp-content/plugins/astra-sites/inc/lib/onboarding/assets/images/beaver-builder.svg HTTP/1.1" 200 14825 "http://localhost/word2/wp-admin/themes.php?page=starter-templates" "Mozilla/5.0 (Windows NT 10.0; Win64; x64) AppleWebKit/537.36 (KHTML, like Gecko) Chrome/115.0.0.0 Safari/537.36"
::1 - - [05/Aug/2023:12:31:12 +0530] "POST /word2/wp-admin/admin-ajax.php HTTP/1.1" 200 1641384 "http://localhost/word2/wp-admin/themes.php?page=starter-templates" "Mozilla/5.0 (Windows NT 10.0; Win64; x64) AppleWebKit/537.36 (KHTML, like Gecko) Chrome/115.0.0.0 Safari/537.36"
::1 - - [05/Aug/2023:12:32:09 +0530] "POST /word2/wp-admin/admin-ajax.php HTTP/1.1" 200 47 "http://localhost/word2/wp-admin/themes.php?page=starter-templates&ci=1" "Mozilla/5.0 (Windows NT 10.0; Win64; x64) AppleWebKit/537.36 (KHTML, like Gecko) Chrome/115.0.0.0 Safari/537.36"
::1 - - [05/Aug/2023:12:32:28 +0530] "POST /word2/wp-admin/admin-ajax.php HTTP/1.1" 200 180355 "http://localhost/word2/wp-admin/themes.php?page=starter-templates&ci=1" "Mozilla/5.0 (Windows NT 10.0; Win64; x64) AppleWebKit/537.36 (KHTML, like Gecko) Chrome/115.0.0.0 Safari/537.36"
::1 - - [05/Aug/2023:12:32:32 +0530] "POST /word2/wp-admin/admin-ajax.php HTTP/1.1" 200 572 "http://localhost/word2/wp-admin/themes.php?page=starter-templates&ci=2" "Mozilla/5.0 (Windows NT 10.0; Win64; x64) AppleWebKit/537.36 (KHTML, like Gecko) Chrome/115.0.0.0 Safari/537.36"
::1 - - [05/Aug/2023:12:32:34 +0530] "POST /word2/wp-admin/admin-ajax.php HTTP/1.1" 200 139 "http://localhost/word2/wp-admin/themes.php?page=starter-templates&ci=2" "Mozilla/5.0 (Windows NT 10.0; Win64; x64) AppleWebKit/537.36 (KHTML, like Gecko) Chrome/115.0.0.0 Safari/537.36"
::1 - - [05/Aug/2023:12:33:09 +0530] "GET /word2/wp-content/plugins/astra-sites/inc/lib/onboarding/assets/images/logo.svg HTTP/1.1" 200 2605 "http://localhost/word2/wp-admin/themes.php?page=starter-templates&ci=2" "Mozilla/5.0 (Windows NT 10.0; Win64; x64) AppleWebKit/537.36 (KHTML, like Gecko) Chrome/115.0.0.0 Safari/537.36"
::1 - - [05/Aug/2023:12:33:09 +0530] "POST /word2/wp-admin/admin-ajax.php HTTP/1.1" 200 47 "http://localhost/word2/wp-admin/themes.php?page=starter-templates&ci=2" "Mozilla/5.0 (Windows NT 10.0; Win64; x64) AppleWebKit/537.36 (KHTML, like Gecko) Chrome/115.0.0.0 Safari/537.36"
::1 - - [05/Aug/2023:12:33:46 +0530] "POST /word2/wp-admin/admin-ajax.php HTTP/1.1" 200 16 "http://localhost/word2/wp-admin/themes.php?page=starter-templates&ci=3" "Mozilla/5.0 (Windows NT 10.0; Win64; x64) AppleWebKit/537.36 (KHTML, like Gecko) Chrome/115.0.0.0 Safari/537.36"
::1 - - [05/Aug/2023:12:33:46 +0530] "POST /word2/wp-admin/admin-ajax.php HTTP/1.1" 200 16 "http://localhost/word2/wp-admin/themes.php?page=starter-templates&ci=3" "Mozilla/5.0 (Windows NT 10.0; Win64; x64) AppleWebKit/537.36 (KHTML, like Gecko) Chrome/115.0.0.0 Safari/537.36"
::1 - - [05/Aug/2023:12:33:46 +0530] "POST /word2/wp-admin/admin-ajax.php HTTP/1.1" 200 52 "http://localhost/word2/wp-admin/themes.php?page=starter-templates&ci=3" "Mozilla/5.0 (Windows NT 10.0; Win64; x64) AppleWebKit/537.36 (KHTML, like Gecko) Chrome/115.0.0.0 Safari/537.36"
::1 - - [05/Aug/2023:12:34:18 +0530] "POST /word2/wp-admin/admin-ajax.php HTTP/1.1" 200 47 "http://localhost/word2/wp-admin/themes.php?page=starter-templates&ci=4" "Mozilla/5.0 (Windows NT 10.0; Win64; x64) AppleWebKit/537.36 (KHTML, like Gecko) Chrome/115.0.0.0 Safari/537.36"
::1 - - [05/Aug/2023:12:33:47 +0530] "POST /word2/wp-admin/admin-ajax.php HTTP/1.1" 200 275 "http://localhost/word2/wp-admin/themes.php?page=starter-templates&ci=3" "Mozilla/5.0 (Windows NT 10.0; Win64; x64) AppleWebKit/537.36 (KHTML, like Gecko) Chrome/115.0.0.0 Safari/537.36"
::1 - - [05/Aug/2023:12:34:27 +0530] "POST /word2/wp-admin/admin-ajax.php HTTP/1.1" 200 69 "http://localhost/word2/wp-admin/themes.php?page=starter-templates&ci=4" "Mozilla/5.0 (Windows NT 10.0; Win64; x64) AppleWebKit/537.36 (KHTML, like Gecko) Chrome/115.0.0.0 Safari/537.36"
::1 - - [05/Aug/2023:12:34:27 +0530] "POST /word2/wp-admin/admin-ajax.php HTTP/1.1" 200 290 "http://localhost/word2/wp-admin/themes.php?page=starter-templates&ci=4" "Mozilla/5.0 (Windows NT 10.0; Win64; x64) AppleWebKit/537.36 (KHTML, like Gecko) Chrome/115.0.0.0 Safari/537.36"
127.0.0.1 - - [05/Aug/2023:12:35:01 +0530] "POST /word2/wp-cron.php?doing_wp_cron=1691219101.4342849254608154296875 HTTP/1.1" 200 - "-" "WordPress/6.2.2; http://localhost/word2"
::1 - - [05/Aug/2023:12:34:58 +0530] "POST /word2/wp-admin/admin-ajax.php HTTP/1.1" 200 69 "http://localhost/word2/wp-admin/themes.php?page=starter-templates&ci=4" "Mozilla/5.0 (Windows NT 10.0; Win64; x64) AppleWebKit/537.36 (KHTML, like Gecko) Chrome/115.0.0.0 Safari/537.36"
127.0.0.1 - - [05/Aug/2023:12:35:04 +0530] "POST /word2/wp-cron.php?doing_wp_cron=1691219104.5803720951080322265625 HTTP/1.1" 200 - "-" "WordPress/6.2.2; http://localhost/word2"
::1 - - [05/Aug/2023:12:35:03 +0530] "POST /word2/wp-admin/admin-ajax.php HTTP/1.1" 200 33 "http://localhost/word2/wp-admin/themes.php?page=starter-templates&ci=4" "Mozilla/5.0 (Windows NT 10.0; Win64; x64) AppleWebKit/537.36 (KHTML, like Gecko) Chrome/115.0.0.0 Safari/537.36"
::1 - - [05/Aug/2023:12:35:06 +0530] "POST /word2/wp-admin/admin-ajax.php HTTP/1.1" 200 169732 "http://localhost/word2/wp-admin/themes.php?page=starter-templates&ci=4" "Mozilla/5.0 (Windows NT 10.0; Win64; x64) AppleWebKit/537.36 (KHTML, like Gecko) Chrome/115.0.0.0 Safari/537.36"
::1 - - [05/Aug/2023:12:35:08 +0530] "POST /word2/wp-admin/admin-ajax.php HTTP/1.1" 200 411 "http://localhost/word2/wp-admin/themes.php?page=starter-templates&ci=4" "Mozilla/5.0 (Windows NT 10.0; Win64; x64) AppleWebKit/537.36 (KHTML, like Gecko) Chrome/115.0.0.0 Safari/537.36"
127.0.0.1 - - [05/Aug/2023:12:35:09 +0530] "POST /word2/wp-admin/admin-ajax.php?action=wp_astra_theme_db_migration&nonce=128df07a60 HTTP/1.1" 200 - "-" "WordPress/6.2.2; http://localhost/word2"
127.0.0.1 - - [05/Aug/2023:12:35:11 +0530] "POST /word2/wp-cron.php?doing_wp_cron=1691219111.5403909683227539062500 HTTP/1.1" 200 - "-" "WordPress/6.2.2; http://localhost/word2"
::1 - - [05/Aug/2023:12:35:13 +0530] "POST /word2/wp-admin/admin-ajax.php HTTP/1.1" 200 47 "http://localhost/word2/wp-admin/themes.php?page=starter-templates&ci=4" "Mozilla/5.0 (Windows NT 10.0; Win64; x64) AppleWebKit/537.36 (KHTML, like Gecko) Chrome/115.0.0.0 Safari/537.36"
::1 - - [05/Aug/2023:12:35:12 +0530] "GET /word2/wp-admin/admin-ajax.php?action=astra-wxr-import&id=1&_ajax_nonce=fa8ad261db&xml_id=12 HTTP/1.1" 200 82357 "http://localhost/word2/wp-admin/themes.php?page=starter-templates&ci=4" "Mozilla/5.0 (Windows NT 10.0; Win64; x64) AppleWebKit/537.36 (KHTML, like Gecko) Chrome/115.0.0.0 Safari/537.36"
::1 - - [05/Aug/2023:12:35:35 +0530] "POST /word2/wp-admin/admin-ajax.php HTTP/1.1" 200 2806 "http://localhost/word2/wp-admin/themes.php?page=starter-templates&ci=4" "Mozilla/5.0 (Windows NT 10.0; Win64; x64) AppleWebKit/537.36 (KHTML, like Gecko) Chrome/115.0.0.0 Safari/537.36"
::1 - - [05/Aug/2023:12:35:37 +0530] "POST /word2/wp-admin/admin-ajax.php HTTP/1.1" 200 996 "http://localhost/word2/wp-admin/themes.php?page=starter-templates&ci=4" "Mozilla/5.0 (Windows NT 10.0; Win64; x64) AppleWebKit/537.36 (KHTML, like Gecko) Chrome/115.0.0.0 Safari/537.36"
::1 - - [05/Aug/2023:12:35:38 +0530] "POST /word2/wp-admin/admin-ajax.php HTTP/1.1" 200 16 "http://localhost/word2/wp-admin/themes.php?page=starter-templates&ci=4" "Mozilla/5.0 (Windows NT 10.0; Win64; x64) AppleWebKit/537.36 (KHTML, like Gecko) Chrome/115.0.0.0 Safari/537.36"
::1 - - [05/Aug/2023:12:35:40 +0530] "POST /word2/wp-admin/admin-ajax.php HTTP/1.1" 200 16 "http://localhost/word2/wp-admin/themes.php?page=starter-templates&ci=4" "Mozilla/5.0 (Windows NT 10.0; Win64; x64) AppleWebKit/537.36 (KHTML, like Gecko) Chrome/115.0.0.0 Safari/537.36"
::1 - - [05/Aug/2023:12:35:42 +0530] "POST /word2/wp-admin/admin-ajax.php HTTP/1.1" 200 16 "http://localhost/word2/wp-admin/themes.php?page=starter-templates&ci=4" "Mozilla/5.0 (Windows NT 10.0; Win64; x64) AppleWebKit/537.36 (KHTML, like Gecko) Chrome/115.0.0.0 Safari/537.36"
127.0.0.1 - - [05/Aug/2023:12:35:44 +0530] "POST /word2/wp-admin/admin-ajax.php?action=wp_image_process&nonce=37f04cfe46 HTTP/1.1" 200 - "-" "WordPress/6.2.2; http://localhost/word2"
::1 - - [05/Aug/2023:12:35:45 +0530] "POST /word2/wp-admin/admin-ajax.php HTTP/1.1" 200 39 "http://localhost/word2/wp-admin/themes.php?page=starter-templates&ci=4" "Mozilla/5.0 (Windows NT 10.0; Win64; x64) AppleWebKit/537.36 (KHTML, like Gecko) Chrome/115.0.0.0 Safari/537.36"
127.0.0.1 - - [05/Aug/2023:12:36:15 +0530] "POST /word2/wp-cron.php?doing_wp_cron=1691219175.7039721012115478515625 HTTP/1.1" 200 - "-" "WordPress/6.2.2; http://localhost/word2"
